Microchip MPLAB XC8 Compiler V2.40

Linker command line:

-W-3 \
  --edf=C:\Program Files\Microchip\xc8\v2.40\pic\dat\20220703182018_en.msgs \
  -cn -h+dist/default/production\WIPLOZ.X.production.sym \
  --cmf=dist/default/production\WIPLOZ.X.production.cmf -z -Q16F877A \
  -oC:\Users\IVNIIG~1\AppData\Local\Temp\xcAsenc.4 --defsym=__MPLAB_BUILD=1 \
  --fixupoverflow=error -Mdist/default/production/WIPLOZ.X.production.map \
  --md=C:\Users\IVNIIG~1\AppData\Local\Temp\xcAsenc.dat -E1 \
  -ver=XC8 Compiler --acfsm=1493 -ACODE=00h-07FFhx4 -ASTRCODE=00h-01FFFh \
  -ASTRING=00h-0FFhx32 -ACONST=00h-0FFhx32 -AENTRY=00h-0FFhx32 \
  -ACOMMON=070h-07Fh -ABANK0=020h-06Fh -ABANK1=0A0h-0EFh \
  -ABANK2=0110h-016Fh -ABANK3=0190h-01EFh \
  -ARAM=020h-06Fh,0A0h-0EFh,0110h-016Fh,0190h-01EFh \
  -AABS1=020h-07Fh,0A0h-0EFh,0110h-016Fh,0190h-01EFh -ASFR0=00h-01Fh \
  -ASFR1=080h-09Fh -ASFR2=0100h-010Fh -ASFR3=0180h-018Fh \
  -ACONFIG=02007h-02007h -DCONFIG=2 -AIDLOC=02000h-02003h -DIDLOC=2 \
  -AEEDATA=00h-0FFh/02100h -peeprom_data=EEDATA -DEEDATA=2 -DCODE=2 \
  -DSTRCODE=2 -DSTRING=2 -DCONST=2 -DENTRY=2 \
  -preset_vec=00h,intentry=04h,init,end_init -ppowerup=CODE -pcinit=CODE \
  -pfunctab=ENTRY -k C:\Users\IVNIIG~1\AppData\Local\Temp\xcAsenc.o \
  dist/default/production\WIPLOZ.X.production.o 

Object code version is 3.11

Machine type is 16F877A



                Name                               Link     Load   Length Selector   Space Scale
C:\Users\IVNIIG~1\AppData\Local\Temp\xcAsenc.o
                end_init                             10       10        3        8       0
                reset_vec                             0        0        3        0       0
                config                             2007     2007        1        0       4
                idloc                              2000     2000        4        0       5
dist/default/production\WIPLOZ.X.production.o
                cinit                                13       13       3E        8       0
                intentry                              4        4        C        8       0
                config                             2007     2007        1        0       4
                idloc                              2000     2000        4        0       5
                text26                              944      944       9D     1288       0
                text25                             1675     1675       46     2CEA       0
                text24                             15FB     15FB       37     2BF6       0
                text23                             15AB     15AB       27     2B56       0
                text22                              412      412      345        8       0
                text21                              83E      83E       78     107C       0
                text20                              BDC      BDC       BA     17B8       0
                text19                              D50      D50       DD     1AA0       0
                text18                              9E1      9E1       9D     13C2       0
                text17                             16BB     16BB       48     2D76       0
                text16                             1703     1703       53     2E06       0
                text15                              E2D      E2D      1D3     1C5A       0
                text14                             15D2     15D2       29     2BA4       0
                text13                               51       51      3C1        8       0
                text12                              8B6      8B6       8E     116C       0
                text11                              C96      C96       BA     192C       0
                text10                              A7E      A7E       A6     14FC       0
                text9                              1756     1756       55     2EAC       0
                text8                              153A     153A        9     2A74       0
                text7                               757      757       A6        8       0
                text6                              17AB     17AB       55     2F56       0
                text5                              1543     1543        9     2A86       0
                text4                               801      801       3D     1002       0
                text3                              1590     1590       1B     2B20       0
                text2                              1632     1632       43     2C64       0
                text1                               B24      B24       B8     1648       0
                maintext                           1577     1577       19     2AEE       0
                cstackBANK0                          20       20       4C       20       1
                cstackCOMMON                         70       70        E       70       1
                cstackBANK1                          A0       A0       50       A0       1
                cstackBANK3                         1BE      1BE       25      190       1
                clrtext                            1532     1532        8     2A64       0
                inittext                           1564     1564       13     2AC8       0
                dataBANK2                           11C      11C        C      110       1
                bssBANK2                            110      110        C      110       1
                dataBANK3                           1E3      1E3        C      190       1
                bssBANK3                            190      190       2E      190       1
                dataBANK0                            6C       6C        4       20       1
                idataBANK3                         154C     154C        C     2A98       0
                idataBANK2                         1558     1558        C     2AB0       0
                idataBANK0                         152E     152E        4     2A5C       0

TOTAL           Name                               Link     Load   Length     Space
        CLASS   CODE           
                end_init                             10       10        3         0
                cinit                                13       13       3E         0
                intentry                              4        4        C         0
                reset_vec                             0        0        3         0
                text26                              944      944       9D         0
                text25                             1675     1675       46         0
                text24                             15FB     15FB       37         0
                text23                             15AB     15AB       27         0
                text22                              412      412      345         0
                text21                              83E      83E       78         0
                text20                              BDC      BDC       BA         0
                text19                              D50      D50       DD         0
                text18                              9E1      9E1       9D         0
                text17                             16BB     16BB       48         0
                text16                             1703     1703       53         0
                text15                              E2D      E2D      1D3         0
                text14                             15D2     15D2       29         0
                text13                               51       51      3C1         0
                text12                              8B6      8B6       8E         0
                text11                              C96      C96       BA         0
                text10                              A7E      A7E       A6         0
                text9                              1756     1756       55         0
                text8                              153A     153A        9         0
                text7                               757      757       A6         0
                text6                              17AB     17AB       55         0
                text5                              1543     1543        9         0
                text4                               801      801       3D         0
                text3                              1590     1590       1B         0
                text2                              1632     1632       43         0
                text1                               B24      B24       B8         0
                maintext                           1577     1577       19         0
                clrtext                            1532     1532        8         0
                inittext                           1564     1564       13         0
                idataBANK3                         154C     154C        C         0
                idataBANK2                         1558     1558        C         0
                idataBANK0                         152E     152E        4         0

        CLASS   STRCODE        

        CLASS   STRING         

        CLASS   CONST          

        CLASS   ENTRY          

        CLASS   COMMON         
                cstackCOMMON                         70       70        E         1

        CLASS   BANK0          
                cstackBANK0                          20       20       4C         1
                dataBANK0                            6C       6C        4         1

        CLASS   BANK1          
                cstackBANK1                          A0       A0       50         1

        CLASS   BANK2          
                dataBANK2                           11C      11C        C         1
                bssBANK2                            110      110        C         1

        CLASS   BANK3          
                cstackBANK3                         1BE      1BE       25         1
                dataBANK3                           1E3      1E3        C         1
                bssBANK3                            190      190       2E         1

        CLASS   RAM            

        CLASS   ABS1           
                abs_s1                               7E       7E        2         1

        CLASS   SFR0           

        CLASS   SFR1           

        CLASS   SFR2           

        CLASS   SFR3           

        CLASS   CONFIG         
                config                             2007     2007        1         4

        CLASS   IDLOC          
                idloc                              2000     2000        4         5

        CLASS   EEDATA         

        CLASS   STACK          



SEGMENTS        Name                           Load    Length   Top    Selector   Space  Class     Delta

                reset_vec                      000000  000003  000003         0       0  CODE        2
                intentry                       000004  0007F9  0007FD         8       0  CODE        2
                cstackBANK0                    000020  000050  000070        20       1  BANK0       1
                cstackCOMMON                   000070  00000E  00007E        70       1  COMMON      1
                cstackBANK1                    0000A0  000050  0000F0        A0       1  BANK1       1
                bssBANK2                       000110  000018  000128       110       1  BANK2       1
                bssBANK3                       000190  00005F  0001EF       190       1  BANK3       1
                text4                          000801  00003D  00083E      1002       0  CODE        2
                text21                         00083E  000078  0008B6      107C       0  CODE        2
                text12                         0008B6  00008E  000944      116C       0  CODE        2
                text26                         000944  00009D  0009E1      1288       0  CODE        2
                text18                         0009E1  00009D  000A7E      13C2       0  CODE        2
                text10                         000A7E  0000A6  000B24      14FC       0  CODE        2
                text1                          000B24  0000B8  000BDC      1648       0  CODE        2
                text20                         000BDC  0000BA  000C96      17B8       0  CODE        2
                text11                         000C96  0000BA  000D50      192C       0  CODE        2
                text19                         000D50  0000DD  000E2D      1AA0       0  CODE        2
                text15                         000E2D  0001D3  001000      1C5A       0  CODE        2
                idataBANK0                     00152E  000004  001532      2A5C       0  CODE        2
                clrtext                        001532  000008  00153A      2A64       0  CODE        2
                text8                          00153A  000009  001543      2A74       0  CODE        2
                text5                          001543  000009  00154C      2A86       0  CODE        2
                idataBANK3                     00154C  00000C  001558      2A98       0  CODE        2
                idataBANK2                     001558  00000C  001564      2AB0       0  CODE        2
                inittext                       001564  000013  001577      2AC8       0  CODE        2
                maintext                       001577  000019  001590      2AEE       0  CODE        2
                text3                          001590  00001B  0015AB      2B20       0  CODE        2
                text23                         0015AB  000027  0015D2      2B56       0  CODE        2
                text14                         0015D2  000029  0015FB      2BA4       0  CODE        2
                text24                         0015FB  000037  001632      2BF6       0  CODE        2
                text2                          001632  000043  001675      2C64       0  CODE        2
                text25                         001675  000046  0016BB      2CEA       0  CODE        2
                text17                         0016BB  000048  001703      2D76       0  CODE        2
                text16                         001703  000053  001756      2E06       0  CODE        2
                text9                          001756  000055  0017AB      2EAC       0  CODE        2
                text6                          0017AB  000055  001800      2F56       0  CODE        2


UNUSED ADDRESS RANGES

        Name                Unused          Largest block    Delta
        BANK2            0128-016F             48           1
        BANK3            01EF-01EF              1           1
        CODE             0003-0003              1           2
                         07FD-0800              3
                         1000-152D            52E
                         1800-1FFF            800
        CONST            0003-0003              1           2
                         07FD-0800              3
                         1000-152D            100
                         1800-1FFF            100
        EEDATA           2100-21FF            100           2
        ENTRY            0003-0003              1           2
                         07FD-0800              3
                         1000-152D            100
                         1800-1FFF            100
        RAM              0128-016F             48           1
                         01EF-01EF              1
        SFR0             0000-001F             20           1
        SFR1             0080-009F             20           1
        SFR2             0100-010F             10           1
        SFR3             0180-018F             10           1
        STRCODE          0003-0003              1           2
                         07FD-0800              4
                         1000-152D            52E
                         1800-1FFF            800
        STRING           0003-0003              1           2
                         07FD-0800              3
                         1000-152D            100
                         1800-1FFF            100

                                  Symbol Table

?_PWM_Max_Duty            cstackBANK1  00BC
?__Umul8_16               cstackBANK1  00A0
?___aldiv                 cstackBANK1  00AD
?___fldiv                 cstackBANK1  00CC
?___flmul                 cstackBANK1  00E6
?___fltol                 cstackBANK3  01D0
?___lmul                  cstackBANK1  00A0
?___xxtofl                cstackBANK1  00BE
?i1_PWM_Max_Duty          cstackBANK0  002E
?i1__Umul8_16             cstackCOMMON 0070
?i1___aldiv               cstackBANK0  0020
?i1___flmul               cstackBANK0  003E
?i1___fltol               cstackBANK0  0058
?i1___lmul                cstackCOMMON 0070
?i1___xxtofl              cstackBANK0  0030
PWM1_Duty@duty            cstackBANK3  01D8
PWM1_Init@freq            cstackBANK1  00BC
PWM2_Duty@duty            cstackBANK3  01D8
PWM2_Init@freq            cstackBANK1  00BC
_ADCON1                   (abs)        009F
_CCP1M2                   (abs)        00BA
_CCP1M3                   (abs)        00BB
_CCP1X                    (abs)        00BD
_CCP1Y                    (abs)        00BC
_CCP2M2                   (abs)        00EA
_CCP2M3                   (abs)        00EB
_CCP2X                    (abs)        00ED
_CCP2Y                    (abs)        00EC
_CCPR1L                   (abs)        0015
_CCPR2L                   (abs)        001B
_INTCONbits               (abs)        000B
_OPTION_REGbits           (abs)        0081
_PORTA                    (abs)        0005
_PORTAbits                (abs)        0005
_PORTB                    (abs)        0006
_PORTBbits                (abs)        0006
_PORTC                    (abs)        0007
_PORTCbits                (abs)        0007
_PORTD                    (abs)        0008
_PORTDbits                (abs)        0008
_PORTE                    (abs)        0009
_PORTEbits                (abs)        0009
_PR2                      (abs)        0092
_PWM1_Duty                text10       0A7E
_PWM1_Init                text9        1756
_PWM1_Start               text8        153A
_PWM2_Duty                text7        0757
_PWM2_Init                text6        17AB
_PWM2_Start               text5        1543
_PWM_Max_Duty             text16       1703
_PWM_ST                   text4        0801
_TMR2ON                   (abs)        0092
_TMR2PRESCALE             dataBANK0    006C
_TRISA                    (abs)        0085
_TRISB                    (abs)        0086
_TRISC                    (abs)        0087
_TRISC1                   (abs)        0439
_TRISC2                   (abs)        043A
_TRISD                    (abs)        0088
_TRISE                    (abs)        0089
__Habs1                   abs1         0000
__Hbank0                  bank0        0000
__Hbank1                  bank1        0000
__Hbank2                  bank2        0000
__Hbank3                  bank3        0000
__HbssBANK2               bssBANK2     0000
__HbssBANK3               bssBANK3     0000
__Hcinit                  cinit        0051
__Hclrtext                clrtext      0000
__Hcode                   code         0000
__Hcommon                 common       0000
__Hconfig                 config       2008
__HcstackBANK0            cstackBANK0  0000
__HcstackBANK1            cstackBANK1  0000
__HcstackBANK3            cstackBANK3  0000
__HcstackCOMMON           cstackCOMMON 0000
__HdataBANK0              dataBANK0    0000
__HdataBANK2              dataBANK2    0000
__HdataBANK3              dataBANK3    0000
__Heeprom_data            eeprom_data  0000
__Hend_init               end_init     0013
__Hfunctab                functab      0000
__HidataBANK0             idataBANK0   0000
__HidataBANK2             idataBANK2   0000
__HidataBANK3             idataBANK3   0000
__Hidloc                  idloc        2004
__Hinit                   init         0010
__Hinittext               inittext     0000
__Hintentry               intentry     0010
__Hmaintext               maintext     0000
__Hpowerup                powerup      0000
__Hram                    ram          0000
__Hreset_vec              reset_vec    0003
__Hsfr0                   sfr0         0000
__Hsfr1                   sfr1         0000
__Hsfr2                   sfr2         0000
__Hsfr3                   sfr3         0000
__Hspace_0                (abs)        1800
__Hspace_1                (abs)        01EF
__Hspace_2                (abs)        0000
__Hspace_3                (abs)        0000
__Hspace_4                (abs)        400F
__Hstack                  stack        0000
__Hstrings                strings      0000
__Htext                   text         0000
__Labs1                   abs1         0000
__Lbank0                  bank0        0000
__Lbank1                  bank1        0000
__Lbank2                  bank2        0000
__Lbank3                  bank3        0000
__LbssBANK2               bssBANK2     0000
__LbssBANK3               bssBANK3     0000
__Lcinit                  cinit        0013
__Lclrtext                clrtext      0000
__Lcode                   code         0000
__Lcommon                 common       0000
__Lconfig                 config       0000
__LcstackBANK0            cstackBANK0  0000
__LcstackBANK1            cstackBANK1  0000
__LcstackBANK3            cstackBANK3  0000
__LcstackCOMMON           cstackCOMMON 0000
__LdataBANK0              dataBANK0    0000
__LdataBANK2              dataBANK2    0000
__LdataBANK3              dataBANK3    0000
__Leeprom_data            eeprom_data  0000
__Lend_init               end_init     0010
__Lfunctab                functab      0000
__LidataBANK0             idataBANK0   0000
__LidataBANK2             idataBANK2   0000
__LidataBANK3             idataBANK3   0000
__Lidloc                  idloc        0000
__Linit                   init         0010
__Linittext               inittext     0000
__Lintentry               intentry     0004
__Lmaintext               maintext     0000
__Lpowerup                powerup      0000
__Lram                    ram          0000
__Lreset_vec              reset_vec    0000
__Lsfr0                   sfr0         0000
__Lsfr1                   sfr1         0000
__Lsfr2                   sfr2         0000
__Lsfr3                   sfr3         0000
__Lspace_0                (abs)        0000
__Lspace_1                (abs)        0000
__Lspace_2                (abs)        0000
__Lspace_3                (abs)        0000
__Lspace_4                (abs)        0000
__Lstack                  stack        0000
__Lstrings                strings      0000
__Ltext                   text         0000
__S0                      (abs)        1800
__S1                      (abs)        01EF
__S3                      (abs)        0000
__Umul8_16                text14       15D2
__Umul8_16@multiplicand   cstackBANK1  00A0
__Umul8_16@multiplier     cstackBANK1  00A8
__Umul8_16@product        cstackBANK1  00A4
__Umul8_16@word_mpld      cstackBANK1  00A6
___aldiv                  text18       09E1
___aldiv@counter          cstackBANK1  00B6
___aldiv@dividend         cstackBANK1  00B1
___aldiv@divisor          cstackBANK1  00AD
___aldiv@quotient         cstackBANK1  00B8
___aldiv@sign             cstackBANK1  00B7
___fldiv                  text15       0E2D
___fldiv@a                cstackBANK1  00CC
___fldiv@aexp             cstackBANK1  00E5
___fldiv@b                cstackBANK1  00D0
___fldiv@bexp             cstackBANK1  00E4
___fldiv@grs              cstackBANK1  00E0
___fldiv@new_exp          cstackBANK1  00DE
___fldiv@rem              cstackBANK1  00D9
___fldiv@sign             cstackBANK1  00DD
___flmul                  text13       0051
___flmul@a                cstackBANK1  00EA
___flmul@aexp             cstackBANK3  01C8
___flmul@b                cstackBANK1  00E6
___flmul@bexp             cstackBANK3  01C9
___flmul@grs              cstackBANK3  01C4
___flmul@prod             cstackBANK3  01CA
___flmul@sign             cstackBANK3  01C3
___flmul@temp             cstackBANK3  01CE
___fltol                  text12       08B6
___fltol@exp1             cstackBANK1  00EF
___fltol@f1               cstackBANK3  01D0
___fltol@sign1            cstackBANK1  00EE
___int_sp                 stack        0000
___latbits                (abs)        0002
___lmul                   text17       16BB
___lmul@multiplicand      cstackBANK1  00A4
___lmul@multiplier        cstackBANK1  00A0
___lmul@product           cstackBANK1  00A9
___sp                     stack        0000
___stackhi                (abs)        0000
___stacklo                (abs)        0000
___xxtofl                 text11       0C96
___xxtofl@arg             cstackBANK1  00C8
___xxtofl@exp             cstackBANK1  00C7
___xxtofl@sign            cstackBANK1  00C6
___xxtofl@val             cstackBANK1  00BE
__end_of_PWM1_Duty        text10       0B24
__end_of_PWM1_Init        text9        17AB
__end_of_PWM1_Start       text8        1543
__end_of_PWM2_Duty        text7        07FD
__end_of_PWM2_Init        text6        1800
__end_of_PWM2_Start       text5        154C
__end_of_PWM_Max_Duty     text16       1756
__end_of_PWM_ST           text4        083E
__end_of__Umul8_16        text14       15FB
__end_of___aldiv          text18       0A7E
__end_of___fldiv          text15       1000
__end_of___flmul          text13       0412
__end_of___fltol          text12       0944
__end_of___lmul           text17       1703
__end_of___xxtofl         text11       0D50
__end_of__initialization  cinit        004D
__end_of_external         text19       0E2D
__end_of_inicia           text3        15AB
__end_of_main             maintext     1590
__end_of_motores          text2        1675
__end_of_prueba           text1        0BDC
__end_ofi1_PWM_Max_Duty   text24       1632
__end_ofi1__Umul8_16      text23       15D2
__end_ofi1___aldiv        text26       09E1
__end_ofi1___flmul        text22       0757
__end_ofi1___fltol        text21       08B6
__end_ofi1___lmul         text25       16BB
__end_ofi1___xxtofl       text20       0C96
__initialization          cinit        0013
__pbssBANK2               bssBANK2     0110
__pbssBANK3               bssBANK3     0190
__pcstackBANK0            cstackBANK0  0020
__pcstackBANK1            cstackBANK1  00A0
__pcstackBANK3            cstackBANK3  01BE
__pcstackCOMMON           cstackCOMMON 0070
__pdataBANK0              dataBANK0    006C
__pdataBANK2              dataBANK2    011C
__pdataBANK3              dataBANK3    01E3
__pidataBANK0             idataBANK0   152E
__pidataBANK2             idataBANK2   1558
__pidataBANK3             idataBANK3   154C
__pintentry               intentry     0004
__pmaintext               maintext     1577
__ptext1                  text1        0B24
__ptext10                 text10       0A7E
__ptext11                 text11       0C96
__ptext12                 text12       08B6
__ptext13                 text13       0051
__ptext14                 text14       15D2
__ptext15                 text15       0E2D
__ptext16                 text16       1703
__ptext17                 text17       16BB
__ptext18                 text18       09E1
__ptext19                 text19       0D50
__ptext2                  text2        1632
__ptext20                 text20       0BDC
__ptext21                 text21       083E
__ptext22                 text22       0412
__ptext23                 text23       15AB
__ptext24                 text24       15FB
__ptext25                 text25       1675
__ptext26                 text26       0944
__ptext3                  text3        1590
__ptext4                  text4        0801
__ptext5                  text5        1543
__ptext6                  text6        17AB
__ptext7                  text7        0757
__ptext8                  text8        153A
__ptext9                  text9        1756
_derivativo               bssBANK3     019C
_error1                   bssBANK3     01AE
_error2                   bssBANK3     01AC
_error3                   bssBANK3     01AA
_error4                   bssBANK3     01A8
_error5                   bssBANK3     01A6
_error6                   bssBANK3     01A4
_external                 text19       0D50
_freq                     dataBANK3    01EB
_inicia                   text3        1590
_integral                 bssBANK3     019E
_last_prop                bssBANK3     0198
_m                        bssBANK3     01A2
_main                     maintext     1577
_motores                  text2        1632
_pos                      bssBANK3     0194
_poslast                  bssBANK3     0190
_proporcional             bssBANK3     01A0
_prueba                   text1        0B24
_sensoresP                bssBANK3     01B4
_suma                     bssBANK2     0114
_sumap                    bssBANK2     0118
btemp                     (abs)        007E
clear_ram0                clrtext      1532
end_of_initialization     cinit        004D
external@duty             cstackBANK0  0068
external@duty2            cstackBANK0  006A
i1_PWM_Max_Duty           text24       15FB
i1__Umul8_16              text23       15AB
i1__Umul8_16@multiplicand cstackCOMMON 0070
i1__Umul8_16@multiplier   cstackCOMMON 0078
i1__Umul8_16@product      cstackCOMMON 0074
i1__Umul8_16@word_mpld    cstackCOMMON 0076
i1___aldiv                text26       0944
i1___aldiv@counter        cstackBANK0  0028
i1___aldiv@dividend       cstackBANK0  0024
i1___aldiv@divisor        cstackBANK0  0020
i1___aldiv@quotient       cstackBANK0  002A
i1___aldiv@sign           cstackBANK0  0029
i1___flmul                text22       0412
i1___flmul@a              cstackBANK0  0042
i1___flmul@aexp           cstackBANK0  0050
i1___flmul@b              cstackBANK0  003E
i1___flmul@bexp           cstackBANK0  0051
i1___flmul@grs            cstackBANK0  004C
i1___flmul@prod           cstackBANK0  0052
i1___flmul@sign           cstackBANK0  004B
i1___flmul@temp           cstackBANK0  0056
i1___fltol                text21       083E
i1___fltol@exp1           cstackBANK0  0061
i1___fltol@f1             cstackBANK0  0058
i1___fltol@sign1          cstackBANK0  0060
i1___lmul                 text25       1675
i1___lmul@multiplicand    cstackCOMMON 0074
i1___lmul@multiplier      cstackCOMMON 0070
i1___lmul@product         cstackCOMMON 0079
i1___xxtofl               text20       0BDC
i1___xxtofl@arg           cstackBANK0  003A
i1___xxtofl@exp           cstackBANK0  0039
i1___xxtofl@sign          cstackBANK0  0038
i1___xxtofl@val           cstackBANK0  0030
init_fetch0               inittext     1564
init_ram0                 inittext     1568
interrupt_function        intentry     0004
intlevel0                 functab      0000
intlevel1                 functab      0000
intlevel2                 functab      0000
intlevel3                 functab      0000
intlevel4                 functab      0000
intlevel5                 functab      0000
motores@VD                cstackBANK3  01DE
motores@VI                cstackBANK3  01DC
reset_vec                 reset_vec    0000
saved_w                   (abs)        007E
start                     init         0010
start_initialization      cinit        0013
wtemp0                    (abs)        007E


MODULE INFORMATION

Module		Function		Class		Link	Load	Size
C:\Program Files\Microchip\xc8\v2.40\pic\sources\c90\common\fltol.c
		___fltol       		CODE           	08B6	0000	142

C:\Program Files\Microchip\xc8\v2.40\pic\sources\c90\common\fltol.c estimated size: 142

C:\Program Files\Microchip\xc8\v2.40\pic\sources\c90\common\aldiv.c
		___aldiv       		CODE           	09E1	0000	157

C:\Program Files\Microchip\xc8\v2.40\pic\sources\c90\common\aldiv.c estimated size: 157

C:\Program Files\Microchip\xc8\v2.40\pic\sources\c90\common\sprcmul.c
		___flmul       		CODE           	0051	0000	961

C:\Program Files\Microchip\xc8\v2.40\pic\sources\c90\common\sprcmul.c estimated size: 961

C:\Program Files\Microchip\xc8\v2.40\pic\sources\c90\common\sprcdiv.c
		___fldiv       		CODE           	0E2D	0000	467

C:\Program Files\Microchip\xc8\v2.40\pic\sources\c90\common\sprcdiv.c estimated size: 467

C:\Program Files\Microchip\xc8\v2.40\pic\sources\c90\common\Umul8_16.c
		__Umul8_16     		CODE           	15D2	0000	41

C:\Program Files\Microchip\xc8\v2.40\pic\sources\c90\common\Umul8_16.c estimated size: 41

WIPLOZ.c
		_inicia        		CODE           	1590	0000	27
		_main          		CODE           	1577	0000	25
		_external      		CODE           	0D50	0000	221
		_motores       		CODE           	1632	0000	67
		_prueba        		CODE           	0B24	0000	184

WIPLOZ.c estimated size: 524

PWM.c
		_PWM1_Start    		CODE           	153A	0000	9
		_PWM2_Start    		CODE           	1543	0000	9
		_PWM_ST        		CODE           	0801	0000	61
		_PWM1_Init     		CODE           	1756	0000	85
		_PWM_Max_Duty  		CODE           	1703	0000	83
		_PWM2_Init     		CODE           	17AB	0000	85
		_PWM1_Duty     		CODE           	0A7E	0000	166
		_PWM2_Duty     		CODE           	0757	0000	166

PWM.c estimated size: 664

shared
		i1__Umul8_16   		CODE           	15AB	0000	39
		i1___fltol     		CODE           	083E	0000	120
		__initialization		CODE           	0013	0000	58
		i1___lmul      		CODE           	1675	0000	70
		i1___aldiv     		CODE           	0944	0000	157
		i1___flmul     		CODE           	0412	0000	837
		i1___xxtofl    		CODE           	0BDC	0000	186
		i1_PWM_Max_Duty		CODE           	15FB	0000	55

shared estimated size: 1522

C:\Program Files\Microchip\xc8\v2.40\pic\sources\c90\common\Umul32.c
		___lmul        		CODE           	16BB	0000	72

C:\Program Files\Microchip\xc8\v2.40\pic\sources\c90\common\Umul32.c estimated size: 72

C:\Program Files\Microchip\xc8\v2.40\pic\sources\c90\common\xxtofl.c
		___xxtofl      		CODE           	0C96	0000	186

C:\Program Files\Microchip\xc8\v2.40\pic\sources\c90\common\xxtofl.c estimated size: 186

