Microchip MPLAB XC8 Compiler V2.40

Linker command line:

-W-3 \
  --edf=C:\Program Files\Microchip\xc8\v2.40\pic\dat\20220703182018_en.msgs \
  -cn -h+dist/default/production\WIPLOZ.X.production.sym \
  --cmf=dist/default/production\WIPLOZ.X.production.cmf -z -Q16F877A \
  -oC:\Users\IVNIIG~1\AppData\Local\Temp\xcAsli4.4 --defsym=__MPLAB_BUILD=1 \
  --fixupoverflow=error -Mdist/default/production/WIPLOZ.X.production.map \
  --md=C:\Users\IVNIIG~1\AppData\Local\Temp\xcAsli4.dat -E1 \
  -ver=XC8 Compiler --acfsm=1493 -ACODE=00h-07FFhx4 -ASTRCODE=00h-01FFFh \
  -ASTRING=00h-0FFhx32 -ACONST=00h-0FFhx32 -AENTRY=00h-0FFhx32 \
  -ACOMMON=070h-07Fh -ABANK0=020h-06Fh -ABANK1=0A0h-0EFh \
  -ABANK2=0110h-016Fh -ABANK3=0190h-01EFh \
  -ARAM=020h-06Fh,0A0h-0EFh,0110h-016Fh,0190h-01EFh \
  -AABS1=020h-07Fh,0A0h-0EFh,0110h-016Fh,0190h-01EFh -ASFR0=00h-01Fh \
  -ASFR1=080h-09Fh -ASFR2=0100h-010Fh -ASFR3=0180h-018Fh \
  -ACONFIG=02007h-02007h -DCONFIG=2 -AIDLOC=02000h-02003h -DIDLOC=2 \
  -AEEDATA=00h-0FFh/02100h -peeprom_data=EEDATA -DEEDATA=2 -DCODE=2 \
  -DSTRCODE=2 -DSTRING=2 -DCONST=2 -DENTRY=2 \
  -preset_vec=00h,intentry=04h,init,end_init -ppowerup=CODE -pcinit=CODE \
  -pfunctab=ENTRY -k C:\Users\IVNIIG~1\AppData\Local\Temp\xcAsli4.o \
  dist/default/production\WIPLOZ.X.production.o 

Object code version is 3.11

Machine type is 16F877A



                Name                               Link     Load   Length Selector   Space Scale
C:\Users\IVNIIG~1\AppData\Local\Temp\xcAsli4.o
                end_init                             10       10        3        8       0
                reset_vec                             0        0        3        0       0
                config                             2007     2007        1        0       4
                idloc                              2000     2000        4        0       5
dist/default/production\WIPLOZ.X.production.o
                cinit                                13       13       3E        8       0
                intentry                              4        4        C        8       0
                config                             2007     2007        1        0       4
                idloc                              2000     2000        4        0       5
                text31                             13CF     13CF       9D     279E       0
                text30                             1149     1149       46     2292       0
                text29                             1092     1092       37     2124       0
                text28                             1FB0     1FB0       27     3F60       0
                text27                              412      412      345        8       0
                text26                             12C9     12C9       78     2592       0
                text25                             15AF     15AF       BA     2B5E       0
                text24                             1723     1723       DD     2E46       0
                text23                             1028     1028       34     2050       0
                text22                             146C     146C       9D     28D8       0
                text21                             118F     118F       48     231E       0
                text20                             1221     1221       53     2442       0
                text19                              BD5      BD5      1D3     17AA       0
                text18                             1FD7     1FD7       29     3FAE       0
                text17                               51       51      3C1        8       0
                text16                             1341     1341       8E     2682       0
                text15                             1669     1669       BA     2CD2       0
                text14                             1509     1509       A6     2A12       0
                text13                              757      757       A6        8       0
                text12                             1106     1106       43     220C       0
                text11                             11D7     11D7       4A     23AE       0
                text10                             1001     1001       27     2002       0
                text9                               A0C      A0C      1C9     1418       0
                text8                               DA8      DA8      258     1B50       0
                text7                               865      865      1A7     10CA       0
                text6                              1274     1274       55     24E8       0
                text5                              1F65     1F65        9     3ECA       0
                text4                               810      810       55     1020       0
                text3                               807      807        9     100E       0
                text2                              10C9     10C9       3D     2192       0
                text1                              1F95     1F95       1B     3F2A       0
                maintext                           105C     105C       36     20B8       0
                cstackBANK0                          20       20       4C       20       1
                cstackCOMMON                         70       70        E       70       1
                cstackBANK1                          A0       A0       50       A0       1
                cstackBANK3                         190      190       44      190       1
                clrtext                            1F5D     1F5D        8     3EBA       0
                inittext                           1F6E     1F6E       13     3EDC       0
                dataBANK2                           132      132       14      110       1
                bssBANK2                            110      110       22      110       1
                dataBANK3                           1EC      1EC        4      190       1
                bssBANK3                            1D4      1D4       18      190       1
                dataBANK0                            6C       6C        4       20       1
                idataBANK3                         1F59     1F59        4     3EB2       0
                idataBANK2                         1F81     1F81       14     3F02       0
                idataBANK0                          803      803        4     1006       0

TOTAL           Name                               Link     Load   Length     Space
        CLASS   CODE           
                end_init                             10       10        3         0
                cinit                                13       13       3E         0
                intentry                              4        4        C         0
                reset_vec                             0        0        3         0
                text31                             13CF     13CF       9D         0
                text30                             1149     1149       46         0
                text29                             1092     1092       37         0
                text28                             1FB0     1FB0       27         0
                text27                              412      412      345         0
                text26                             12C9     12C9       78         0
                text25                             15AF     15AF       BA         0
                text24                             1723     1723       DD         0
                text23                             1028     1028       34         0
                text22                             146C     146C       9D         0
                text21                             118F     118F       48         0
                text20                             1221     1221       53         0
                text19                              BD5      BD5      1D3         0
                text18                             1FD7     1FD7       29         0
                text17                               51       51      3C1         0
                text16                             1341     1341       8E         0
                text15                             1669     1669       BA         0
                text14                             1509     1509       A6         0
                text13                              757      757       A6         0
                text12                             1106     1106       43         0
                text11                             11D7     11D7       4A         0
                text10                             1001     1001       27         0
                text9                               A0C      A0C      1C9         0
                text8                               DA8      DA8      258         0
                text7                               865      865      1A7         0
                text6                              1274     1274       55         0
                text5                              1F65     1F65        9         0
                text4                               810      810       55         0
                text3                               807      807        9         0
                text2                              10C9     10C9       3D         0
                text1                              1F95     1F95       1B         0
                maintext                           105C     105C       36         0
                clrtext                            1F5D     1F5D        8         0
                inittext                           1F6E     1F6E       13         0
                idataBANK3                         1F59     1F59        4         0
                idataBANK2                         1F81     1F81       14         0
                idataBANK0                          803      803        4         0

        CLASS   STRCODE        

        CLASS   STRING         

        CLASS   CONST          

        CLASS   ENTRY          

        CLASS   COMMON         
                cstackCOMMON                         70       70        E         1

        CLASS   BANK0          
                cstackBANK0                          20       20       4C         1
                dataBANK0                            6C       6C        4         1

        CLASS   BANK1          
                cstackBANK1                          A0       A0       50         1

        CLASS   BANK2          
                dataBANK2                           132      132       14         1
                bssBANK2                            110      110       22         1

        CLASS   BANK3          
                cstackBANK3                         190      190       44         1
                dataBANK3                           1EC      1EC        4         1
                bssBANK3                            1D4      1D4       18         1

        CLASS   RAM            

        CLASS   ABS1           
                abs_s1                               7E       7E        2         1

        CLASS   SFR0           

        CLASS   SFR1           

        CLASS   SFR2           

        CLASS   SFR3           

        CLASS   CONFIG         
                config                             2007     2007        1         4

        CLASS   IDLOC          
                idloc                              2000     2000        4         5

        CLASS   EEDATA         

        CLASS   STACK          



SEGMENTS        Name                           Load    Length   Top    Selector   Space  Class     Delta

                reset_vec                      000000  000003  000003         0       0  CODE        2
                intentry                       000004  0007F9  0007FD         8       0  CODE        2
                cstackBANK0                    000020  000050  000070        20       1  BANK0       1
                cstackCOMMON                   000070  00000E  00007E        70       1  COMMON      1
                cstackBANK1                    0000A0  000050  0000F0        A0       1  BANK1       1
                bssBANK2                       000110  000036  000146       110       1  BANK2       1
                cstackBANK3                    000190  000060  0001F0       190       1  BANK3       1
                idataBANK0                     000803  000004  000807      1006       0  CODE        2
                text3                          000807  000009  000810      100E       0  CODE        2
                text4                          000810  000055  000865      1020       0  CODE        2
                text7                          000865  0001A7  000A0C      10CA       0  CODE        2
                text9                          000A0C  0001C9  000BD5      1418       0  CODE        2
                text19                         000BD5  0001D3  000DA8      17AA       0  CODE        2
                text8                          000DA8  000258  001000      1B50       0  CODE        2
                text10                         001001  000027  001028      2002       0  CODE        2
                text23                         001028  000034  00105C      2050       0  CODE        2
                maintext                       00105C  000036  001092      20B8       0  CODE        2
                text29                         001092  000037  0010C9      2124       0  CODE        2
                text2                          0010C9  00003D  001106      2192       0  CODE        2
                text12                         001106  000043  001149      220C       0  CODE        2
                text30                         001149  000046  00118F      2292       0  CODE        2
                text21                         00118F  000048  0011D7      231E       0  CODE        2
                text11                         0011D7  00004A  001221      23AE       0  CODE        2
                text20                         001221  000053  001274      2442       0  CODE        2
                text6                          001274  000055  0012C9      24E8       0  CODE        2
                text26                         0012C9  000078  001341      2592       0  CODE        2
                text16                         001341  00008E  0013CF      2682       0  CODE        2
                text31                         0013CF  00009D  00146C      279E       0  CODE        2
                text22                         00146C  00009D  001509      28D8       0  CODE        2
                text14                         001509  0000A6  0015AF      2A12       0  CODE        2
                text25                         0015AF  0000BA  001669      2B5E       0  CODE        2
                text15                         001669  0000BA  001723      2CD2       0  CODE        2
                text24                         001723  0000DD  001800      2E46       0  CODE        2
                idataBANK3                     001F59  000004  001F5D      3EB2       0  CODE        2
                clrtext                        001F5D  000008  001F65      3EBA       0  CODE        2
                text5                          001F65  000009  001F6E      3ECA       0  CODE        2
                inittext                       001F6E  000013  001F81      3EDC       0  CODE        2
                idataBANK2                     001F81  000014  001F95      3F02       0  CODE        2
                text1                          001F95  00001B  001FB0      3F2A       0  CODE        2
                text28                         001FB0  000027  001FD7      3F60       0  CODE        2
                text18                         001FD7  000029  002000      3FAE       0  CODE        2


UNUSED ADDRESS RANGES

        Name                Unused          Largest block    Delta
        BANK2            0146-016F             2A           1
        CODE             0003-0003              1           2
                         07FD-0802              3
                         1000-1000              1
                         1800-1F58            759
        CONST            0003-0003              1           2
                         07FD-0802              3
                         1000-1000              1
                         1800-1F58            100
        EEDATA           2100-21FF            100           2
        ENTRY            0003-0003              1           2
                         07FD-0802              3
                         1000-1000              1
                         1800-1F58            100
        RAM              0146-016F             2A           1
        SFR0             0000-001F             20           1
        SFR1             0080-009F             20           1
        SFR2             0100-010F             10           1
        SFR3             0180-018F             10           1
        STRCODE          0003-0003              1           2
                         07FD-0802              6
                         1000-1000              1
                         1800-1F58            759
        STRING           0003-0003              1           2
                         07FD-0802              3
                         1000-1000              1
                         1800-1F58            100

                                  Symbol Table

?_PWM_Max_Duty            cstackBANK1  00BC
?__Umul8_16               cstackBANK1  00A0
?___aldiv                 cstackBANK1  00AD
?___fladd                 cstackBANK3  01A2
?___fldiv                 cstackBANK1  00CC
?___flmul                 cstackBANK1  00E6
?___fltol                 cstackBANK3  01B6
?___lmul                  cstackBANK1  00A0
?___wmul                  cstackBANK1  00A0
?___xxtofl                cstackBANK1  00BE
?i1_PWM_Max_Duty          cstackBANK0  002E
?i1__Umul8_16             cstackCOMMON 0070
?i1___aldiv               cstackBANK0  0020
?i1___flmul               cstackBANK0  003E
?i1___fltol               cstackBANK0  0058
?i1___lmul                cstackCOMMON 0070
?i1___xxtofl              cstackBANK0  0030
PID@diferencial           cstackBANK3  01D2
PWM1_Duty@duty            cstackBANK3  01BE
PWM1_Init@freq            cstackBANK1  00BC
PWM2_Duty@duty            cstackBANK3  01BE
PWM2_Init@freq            cstackBANK1  00BC
_ADCON1                   (abs)        009F
_CCP1M2                   (abs)        00BA
_CCP1M3                   (abs)        00BB
_CCP1X                    (abs)        00BD
_CCP1Y                    (abs)        00BC
_CCP2M2                   (abs)        00EA
_CCP2M3                   (abs)        00EB
_CCP2X                    (abs)        00ED
_CCP2Y                    (abs)        00EC
_CCPR1L                   (abs)        0015
_CCPR2L                   (abs)        001B
_EST                      text23       1028
_Frenos                   text11       11D7
_INTCONbits               (abs)        000B
_Lectura                  text9        0A0C
_OPTION_REGbits           (abs)        0081
_PID                      text7        0865
_PID$962                  cstackBANK3  01CE
_PORTA                    (abs)        0005
_PORTAbits                (abs)        0005
_PORTB                    (abs)        0006
_PORTBbits                (abs)        0006
_PORTC                    (abs)        0007
_PORTCbits                (abs)        0007
_PORTD                    (abs)        0008
_PORTDbits                (abs)        0008
_PORTE                    (abs)        0009
_PORTEbits                (abs)        0009
_PR2                      (abs)        0092
_PWM1_Duty                text14       1509
_PWM1_Init                text6        1274
_PWM1_Start               text5        1F65
_PWM2_Duty                text13       0757
_PWM2_Init                text4        0810
_PWM2_Start               text3        0807
_PWM_Max_Duty             text20       1221
_PWM_ST                   text2        10C9
_TMR2ON                   (abs)        0092
_TMR2PRESCALE             dataBANK0    006C
_TRISA                    (abs)        0085
_TRISB                    (abs)        0086
_TRISC                    (abs)        0087
_TRISC1                   (abs)        0439
_TRISC2                   (abs)        043A
_TRISD                    (abs)        0088
_TRISE                    (abs)        0089
__Habs1                   abs1         0000
__Hbank0                  bank0        0000
__Hbank1                  bank1        0000
__Hbank2                  bank2        0000
__Hbank3                  bank3        0000
__HbssBANK2               bssBANK2     0000
__HbssBANK3               bssBANK3     0000
__Hcinit                  cinit        0051
__Hclrtext                clrtext      0000
__Hcode                   code         0000
__Hcommon                 common       0000
__Hconfig                 config       2008
__HcstackBANK0            cstackBANK0  0000
__HcstackBANK1            cstackBANK1  0000
__HcstackBANK3            cstackBANK3  0000
__HcstackCOMMON           cstackCOMMON 0000
__HdataBANK0              dataBANK0    0000
__HdataBANK2              dataBANK2    0000
__HdataBANK3              dataBANK3    0000
__Heeprom_data            eeprom_data  0000
__Hend_init               end_init     0013
__Hfunctab                functab      0000
__HidataBANK0             idataBANK0   0000
__HidataBANK2             idataBANK2   0000
__HidataBANK3             idataBANK3   0000
__Hidloc                  idloc        2004
__Hinit                   init         0010
__Hinittext               inittext     0000
__Hintentry               intentry     0010
__Hmaintext               maintext     0000
__Hpowerup                powerup      0000
__Hram                    ram          0000
__Hreset_vec              reset_vec    0003
__Hsfr0                   sfr0         0000
__Hsfr1                   sfr1         0000
__Hsfr2                   sfr2         0000
__Hsfr3                   sfr3         0000
__Hspace_0                (abs)        2000
__Hspace_1                (abs)        01F0
__Hspace_2                (abs)        0000
__Hspace_3                (abs)        0000
__Hspace_4                (abs)        400F
__Hstack                  stack        0000
__Hstrings                strings      0000
__Htext                   text         0000
__Labs1                   abs1         0000
__Lbank0                  bank0        0000
__Lbank1                  bank1        0000
__Lbank2                  bank2        0000
__Lbank3                  bank3        0000
__LbssBANK2               bssBANK2     0000
__LbssBANK3               bssBANK3     0000
__Lcinit                  cinit        0013
__Lclrtext                clrtext      0000
__Lcode                   code         0000
__Lcommon                 common       0000
__Lconfig                 config       0000
__LcstackBANK0            cstackBANK0  0000
__LcstackBANK1            cstackBANK1  0000
__LcstackBANK3            cstackBANK3  0000
__LcstackCOMMON           cstackCOMMON 0000
__LdataBANK0              dataBANK0    0000
__LdataBANK2              dataBANK2    0000
__LdataBANK3              dataBANK3    0000
__Leeprom_data            eeprom_data  0000
__Lend_init               end_init     0010
__Lfunctab                functab      0000
__LidataBANK0             idataBANK0   0000
__LidataBANK2             idataBANK2   0000
__LidataBANK3             idataBANK3   0000
__Lidloc                  idloc        0000
__Linit                   init         0010
__Linittext               inittext     0000
__Lintentry               intentry     0004
__Lmaintext               maintext     0000
__Lpowerup                powerup      0000
__Lram                    ram          0000
__Lreset_vec              reset_vec    0000
__Lsfr0                   sfr0         0000
__Lsfr1                   sfr1         0000
__Lsfr2                   sfr2         0000
__Lsfr3                   sfr3         0000
__Lspace_0                (abs)        0000
__Lspace_1                (abs)        0000
__Lspace_2                (abs)        0000
__Lspace_3                (abs)        0000
__Lspace_4                (abs)        0000
__Lstack                  stack        0000
__Lstrings                strings      0000
__Ltext                   text         0000
__S0                      (abs)        2000
__S1                      (abs)        01F0
__S3                      (abs)        0000
__Umul8_16                text18       1FD7
__Umul8_16@multiplicand   cstackBANK1  00A0
__Umul8_16@multiplier     cstackBANK1  00A8
__Umul8_16@product        cstackBANK1  00A4
__Umul8_16@word_mpld      cstackBANK1  00A6
___aldiv                  text22       146C
___aldiv@counter          cstackBANK1  00B6
___aldiv@dividend         cstackBANK1  00B1
___aldiv@divisor          cstackBANK1  00AD
___aldiv@quotient         cstackBANK1  00B8
___aldiv@sign             cstackBANK1  00B7
___fladd                  text8        0DA8
___fladd@a                cstackBANK3  01A6
___fladd@aexp             cstackBANK3  01B3
___fladd@b                cstackBANK3  01A2
___fladd@bexp             cstackBANK3  01B4
___fladd@grs              cstackBANK3  01B5
___fladd@signs            cstackBANK3  01B2
___fldiv                  text19       0BD5
___fldiv@a                cstackBANK1  00CC
___fldiv@aexp             cstackBANK1  00E5
___fldiv@b                cstackBANK1  00D0
___fldiv@bexp             cstackBANK1  00E4
___fldiv@grs              cstackBANK1  00E0
___fldiv@new_exp          cstackBANK1  00DE
___fldiv@rem              cstackBANK1  00D9
___fldiv@sign             cstackBANK1  00DD
___flmul                  text17       0051
___flmul@a                cstackBANK1  00EA
___flmul@aexp             cstackBANK3  019A
___flmul@b                cstackBANK1  00E6
___flmul@bexp             cstackBANK3  019B
___flmul@grs              cstackBANK3  0196
___flmul@prod             cstackBANK3  019C
___flmul@sign             cstackBANK3  0195
___flmul@temp             cstackBANK3  01A0
___fltol                  text16       1341
___fltol@exp1             cstackBANK1  00EF
___fltol@f1               cstackBANK3  01B6
___fltol@sign1            cstackBANK1  00EE
___int_sp                 stack        0000
___latbits                (abs)        0002
___lmul                   text21       118F
___lmul@multiplicand      cstackBANK1  00A4
___lmul@multiplier        cstackBANK1  00A0
___lmul@product           cstackBANK1  00A9
___sp                     stack        0000
___stackhi                (abs)        0000
___stacklo                (abs)        0000
___wmul                   text10       1001
___wmul@multiplicand      cstackBANK1  00A2
___wmul@multiplier        cstackBANK1  00A0
___wmul@product           cstackBANK1  00A4
___xxtofl                 text15       1669
___xxtofl@arg             cstackBANK1  00C8
___xxtofl@exp             cstackBANK1  00C7
___xxtofl@sign            cstackBANK1  00C6
___xxtofl@val             cstackBANK1  00BE
__end_of_EST              text23       105C
__end_of_Frenos           text11       1221
__end_of_Lectura          text9        0BD5
__end_of_PID              text7        0A0C
__end_of_PWM1_Duty        text14       15AF
__end_of_PWM1_Init        text6        12C9
__end_of_PWM1_Start       text5        1F6E
__end_of_PWM2_Duty        text13       07FD
__end_of_PWM2_Init        text4        0865
__end_of_PWM2_Start       text3        0810
__end_of_PWM_Max_Duty     text20       1274
__end_of_PWM_ST           text2        1106
__end_of__Umul8_16        text18       2000
__end_of___aldiv          text22       1509
__end_of___fladd          text8        1000
__end_of___fldiv          text19       0DA8
__end_of___flmul          text17       0412
__end_of___fltol          text16       13CF
__end_of___lmul           text21       11D7
__end_of___wmul           text10       1028
__end_of___xxtofl         text15       1723
__end_of__initialization  cinit        004D
__end_of_external         text24       1800
__end_of_inicia           text1        1FB0
__end_of_main             maintext     1092
__end_of_motores          text12       1149
__end_ofi1_PWM_Max_Duty   text29       10C9
__end_ofi1__Umul8_16      text28       1FD7
__end_ofi1___aldiv        text31       146C
__end_ofi1___flmul        text27       0757
__end_ofi1___fltol        text26       1341
__end_ofi1___lmul         text30       118F
__end_ofi1___xxtofl       text25       1669
__initialization          cinit        0013
__pbssBANK2               bssBANK2     0110
__pbssBANK3               bssBANK3     01D4
__pcstackBANK0            cstackBANK0  0020
__pcstackBANK1            cstackBANK1  00A0
__pcstackBANK3            cstackBANK3  0190
__pcstackCOMMON           cstackCOMMON 0070
__pdataBANK0              dataBANK0    006C
__pdataBANK2              dataBANK2    0132
__pdataBANK3              dataBANK3    01EC
__pidataBANK0             idataBANK0   0803
__pidataBANK2             idataBANK2   1F81
__pidataBANK3             idataBANK3   1F59
__pintentry               intentry     0004
__pmaintext               maintext     105C
__ptext1                  text1        1F95
__ptext10                 text10       1001
__ptext11                 text11       11D7
__ptext12                 text12       1106
__ptext13                 text13       0757
__ptext14                 text14       1509
__ptext15                 text15       1669
__ptext16                 text16       1341
__ptext17                 text17       0051
__ptext18                 text18       1FD7
__ptext19                 text19       0BD5
__ptext2                  text2        10C9
__ptext20                 text20       1221
__ptext21                 text21       118F
__ptext22                 text22       146C
__ptext23                 text23       1028
__ptext24                 text24       1723
__ptext25                 text25       15AF
__ptext26                 text26       12C9
__ptext27                 text27       0412
__ptext28                 text28       1FB0
__ptext29                 text29       1092
__ptext3                  text3        0807
__ptext30                 text30       1149
__ptext31                 text31       13CF
__ptext4                  text4        0810
__ptext5                  text5        1F65
__ptext6                  text6        1274
__ptext7                  text7        0865
__ptext8                  text8        0DA8
__ptext9                  text9        0A0C
_derivativo               bssBANK3     01DA
_error1                   bssBANK3     01EA
_error2                   bssBANK3     01E8
_error3                   bssBANK3     01E6
_error4                   bssBANK3     01E4
_error5                   bssBANK3     01E2
_error6                   bssBANK3     01E0
_external                 text24       1723
_freq                     dataBANK3    01EC
_inicia                   text1        1F95
_integral                 bssBANK3     01DC
_last_prop                bssBANK3     01D8
_m                        bssBANK2     0122
_main                     maintext     105C
_motores                  text12       1106
_pos                      bssBANK3     01D4
_poslast                  bssBANK2     0114
_proporcional             bssBANK3     01DE
_sensoresP                bssBANK2     0128
_suma                     bssBANK2     0118
_sumap                    bssBANK2     011C
btemp                     (abs)        007E
clear_ram0                clrtext      1F5D
end_of_initialization     cinit        004D
external@duty             cstackBANK0  0068
external@duty2            cstackBANK0  006A
i1_PWM_Max_Duty           text29       1092
i1__Umul8_16              text28       1FB0
i1__Umul8_16@multiplicand cstackCOMMON 0070
i1__Umul8_16@multiplier   cstackCOMMON 0078
i1__Umul8_16@product      cstackCOMMON 0074
i1__Umul8_16@word_mpld    cstackCOMMON 0076
i1___aldiv                text31       13CF
i1___aldiv@counter        cstackBANK0  0028
i1___aldiv@dividend       cstackBANK0  0024
i1___aldiv@divisor        cstackBANK0  0020
i1___aldiv@quotient       cstackBANK0  002A
i1___aldiv@sign           cstackBANK0  0029
i1___flmul                text27       0412
i1___flmul@a              cstackBANK0  0042
i1___flmul@aexp           cstackBANK0  0050
i1___flmul@b              cstackBANK0  003E
i1___flmul@bexp           cstackBANK0  0051
i1___flmul@grs            cstackBANK0  004C
i1___flmul@prod           cstackBANK0  0052
i1___flmul@sign           cstackBANK0  004B
i1___flmul@temp           cstackBANK0  0056
i1___fltol                text26       12C9
i1___fltol@exp1           cstackBANK0  0061
i1___fltol@f1             cstackBANK0  0058
i1___fltol@sign1          cstackBANK0  0060
i1___lmul                 text30       1149
i1___lmul@multiplicand    cstackCOMMON 0074
i1___lmul@multiplier      cstackCOMMON 0070
i1___lmul@product         cstackCOMMON 0079
i1___xxtofl               text25       15AF
i1___xxtofl@arg           cstackBANK0  003A
i1___xxtofl@exp           cstackBANK0  0039
i1___xxtofl@sign          cstackBANK0  0038
i1___xxtofl@val           cstackBANK0  0030
init_fetch0               inittext     1F6E
init_ram0                 inittext     1F72
interrupt_function        intentry     0004
intlevel0                 functab      0000
intlevel1                 functab      0000
intlevel2                 functab      0000
intlevel3                 functab      0000
intlevel4                 functab      0000
intlevel5                 functab      0000
motores@VD                cstackBANK3  01C4
motores@VI                cstackBANK3  01C2
reset_vec                 reset_vec    0000
saved_w                   (abs)        007E
start                     init         0010
start_initialization      cinit        0013
wtemp0                    (abs)        007E


MODULE INFORMATION

Module		Function		Class		Link	Load	Size
C:\Program Files\Microchip\xc8\v2.40\pic\sources\c90\common\fltol.c
		___fltol       		CODE           	1341	0000	142

C:\Program Files\Microchip\xc8\v2.40\pic\sources\c90\common\fltol.c estimated size: 142

C:\Program Files\Microchip\xc8\v2.40\pic\sources\c90\common\aldiv.c
		___aldiv       		CODE           	146C	0000	157

C:\Program Files\Microchip\xc8\v2.40\pic\sources\c90\common\aldiv.c estimated size: 157

C:\Program Files\Microchip\xc8\v2.40\pic\sources\c90\common\sprcmul.c
		___flmul       		CODE           	0051	0000	961

C:\Program Files\Microchip\xc8\v2.40\pic\sources\c90\common\sprcmul.c estimated size: 961

C:\Program Files\Microchip\xc8\v2.40\pic\sources\c90\common\sprcdiv.c
		___fldiv       		CODE           	0BD5	0000	467

C:\Program Files\Microchip\xc8\v2.40\pic\sources\c90\common\sprcdiv.c estimated size: 467

C:\Program Files\Microchip\xc8\v2.40\pic\sources\c90\common\Umul8_16.c
		__Umul8_16     		CODE           	1FD7	0000	41

C:\Program Files\Microchip\xc8\v2.40\pic\sources\c90\common\Umul8_16.c estimated size: 41

WIPLOZ.c
		_inicia        		CODE           	1F95	0000	27
		_EST           		CODE           	1028	0000	52
		_main          		CODE           	105C	0000	54
		_Lectura       		CODE           	0A0C	0000	457
		_PID           		CODE           	0865	0000	423
		_external      		CODE           	1723	0000	221
		_motores       		CODE           	1106	0000	67
		_Frenos        		CODE           	11D7	0000	74

WIPLOZ.c estimated size: 1375

C:\Program Files\Microchip\xc8\v2.40\pic\sources\c90\common\Umul16.c
		___wmul        		CODE           	1001	0000	39

C:\Program Files\Microchip\xc8\v2.40\pic\sources\c90\common\Umul16.c estimated size: 39

PWM.c
		_PWM1_Start    		CODE           	1F65	0000	9
		_PWM2_Start    		CODE           	0807	0000	9
		_PWM_ST        		CODE           	10C9	0000	61
		_PWM1_Init     		CODE           	1274	0000	85
		_PWM_Max_Duty  		CODE           	1221	0000	83
		_PWM2_Init     		CODE           	0810	0000	85
		_PWM1_Duty     		CODE           	1509	0000	166
		_PWM2_Duty     		CODE           	0757	0000	166

PWM.c estimated size: 664

shared
		i1__Umul8_16   		CODE           	1FB0	0000	39
		i1___fltol     		CODE           	12C9	0000	120
		__initialization		CODE           	0013	0000	58
		i1___lmul      		CODE           	1149	0000	70
		i1___aldiv     		CODE           	13CF	0000	157
		i1___flmul     		CODE           	0412	0000	837
		i1___xxtofl    		CODE           	15AF	0000	186
		i1_PWM_Max_Duty		CODE           	1092	0000	55

shared estimated size: 1522

C:\Program Files\Microchip\xc8\v2.40\pic\sources\c90\common\sprcadd.c
		___fladd       		CODE           	0DA8	0000	600

C:\Program Files\Microchip\xc8\v2.40\pic\sources\c90\common\sprcadd.c estimated size: 600

C:\Program Files\Microchip\xc8\v2.40\pic\sources\c90\common\Umul32.c
		___lmul        		CODE           	118F	0000	72

C:\Program Files\Microchip\xc8\v2.40\pic\sources\c90\common\Umul32.c estimated size: 72

C:\Program Files\Microchip\xc8\v2.40\pic\sources\c90\common\xxtofl.c
		___xxtofl      		CODE           	1669	0000	186

C:\Program Files\Microchip\xc8\v2.40\pic\sources\c90\common\xxtofl.c estimated size: 186

