Microchip MPLAB XC8 Compiler V2.40

Linker command line:

-W-3 \
  --edf=C:\Program Files\Microchip\xc8\v2.40\pic\dat\20220703182018_en.msgs \
  -cn -h+dist/default/production\WIPLOZ.X.production.sym \
  --cmf=dist/default/production\WIPLOZ.X.production.cmf -z -Q16F877A \
  -oC:\Users\IVNIIG~1\AppData\Local\Temp\xcAs6us.4 --defsym=__MPLAB_BUILD=1 \
  --fixupoverflow=error -Mdist/default/production/WIPLOZ.X.production.map \
  --md=C:\Users\IVNIIG~1\AppData\Local\Temp\xcAs6us.dat -E1 \
  -ver=XC8 Compiler --acfsm=1493 -ACODE=00h-07FFhx4 -ASTRCODE=00h-01FFFh \
  -ASTRING=00h-0FFhx32 -ACONST=00h-0FFhx32 -AENTRY=00h-0FFhx32 \
  -ACOMMON=070h-07Fh -ABANK0=020h-06Fh -ABANK1=0A0h-0EFh \
  -ABANK2=0110h-016Fh -ABANK3=0190h-01EFh \
  -ARAM=020h-06Fh,0A0h-0EFh,0110h-016Fh,0190h-01EFh \
  -AABS1=020h-07Fh,0A0h-0EFh,0110h-016Fh,0190h-01EFh -ASFR0=00h-01Fh \
  -ASFR1=080h-09Fh -ASFR2=0100h-010Fh -ASFR3=0180h-018Fh \
  -ACONFIG=02007h-02007h -DCONFIG=2 -AIDLOC=02000h-02003h -DIDLOC=2 \
  -AEEDATA=00h-0FFh/02100h -peeprom_data=EEDATA -DEEDATA=2 -DCODE=2 \
  -DSTRCODE=2 -DSTRING=2 -DCONST=2 -DENTRY=2 \
  -preset_vec=00h,intentry=04h,init,end_init -ppowerup=CODE -pcinit=CODE \
  -pfunctab=ENTRY -k C:\Users\IVNIIG~1\AppData\Local\Temp\xcAs6us.o \
  dist/default/production\WIPLOZ.X.production.o 

Object code version is 3.11

Machine type is 16F877A



                Name                               Link     Load   Length Selector   Space Scale
C:\Users\IVNIIG~1\AppData\Local\Temp\xcAs6us.o
                end_init                              C        C        3        8       0
                reset_vec                             0        0        3        0       0
                config                             2007     2007        1        0       4
                idloc                              2000     2000        4        0       5
dist/default/production\WIPLOZ.X.production.o
                cinit                                 F        F       34        8       0
                intentry                              4        4        8        8       0
                config                             2007     2007        1        0       4
                idloc                              2000     2000        4        0       5
                text17                              D64      D64        C     1AC8       0
                text16                              761      761       9D        8       0
                text15                              E50      E50       3D     1CA0       0
                text14                              388      388      1D3        8       0
                text13                              DB9      DB9       29     1B72       0
                text12                               43       43      345        8       0
                text11                              F0D      F0D       78     1E1A       0
                text10                              55B      55B       BA        8       0
                text9                               6BB      6BB       A6        8       0
                text8                               DE2      DE2       37     1BC4       0
                text7                               D52      D52        9     1AA4       0
                text6                               615      615       A6        8       0
                text5                               E19      E19       37     1C32       0
                text4                               D5B      D5B        9     1AB6       0
                text3                               E8D      E8D       3D     1D1A       0
                text2                               D9F      D9F       1A     1B3E       0
                text1                               ECA      ECA       43     1D94       0
                maintext                            F85      F85       7B     1F0A       0
                cstackBANK0                          20       20       4F       20       1
                cstackCOMMON                         70       70        A       70       1
                cstackBANK1                          D0       D0       12       A0       1
                cstackBANK3                         1A8      1A8        3      190       1
                clrtext                             D4A      D4A        8     1A94       0
                inittext                            D8C      D8C       13     1B18       0
                dataBANK3                           190      190       10      190       1
                bssBANK3                            1A0      1A0        8      190       1
                dataBANK1                            E2       E2        C       A0       1
                bssBANK1                             A0       A0       30       A0       1
                bssCOMMON                            7A       7A        2       70       1
                idataBANK3                          D7C      D7C       10     1AF8       0
                idataBANK1                          D70      D70        C     1AE0       0

TOTAL           Name                               Link     Load   Length     Space
        CLASS   CODE           
                end_init                              C        C        3         0
                cinit                                 F        F       34         0
                intentry                              4        4        8         0
                reset_vec                             0        0        3         0
                text17                              D64      D64        C         0
                text16                              761      761       9D         0
                text15                              E50      E50       3D         0
                text14                              388      388      1D3         0
                text13                              DB9      DB9       29         0
                text12                               43       43      345         0
                text11                              F0D      F0D       78         0
                text10                              55B      55B       BA         0
                text9                               6BB      6BB       A6         0
                text8                               DE2      DE2       37         0
                text7                               D52      D52        9         0
                text6                               615      615       A6         0
                text5                               E19      E19       37         0
                text4                               D5B      D5B        9         0
                text3                               E8D      E8D       3D         0
                text2                               D9F      D9F       1A         0
                text1                               ECA      ECA       43         0
                maintext                            F85      F85       7B         0
                clrtext                             D4A      D4A        8         0
                inittext                            D8C      D8C       13         0
                idataBANK3                          D7C      D7C       10         0
                idataBANK1                          D70      D70        C         0

        CLASS   STRCODE        

        CLASS   STRING         

        CLASS   CONST          

        CLASS   ENTRY          

        CLASS   COMMON         
                cstackCOMMON                         70       70        A         1
                bssCOMMON                            7A       7A        2         1

        CLASS   BANK0          
                cstackBANK0                          20       20       4F         1

        CLASS   BANK1          
                cstackBANK1                          D0       D0       12         1
                dataBANK1                            E2       E2        C         1
                bssBANK1                             A0       A0       30         1

        CLASS   BANK2          

        CLASS   BANK3          
                cstackBANK3                         1A8      1A8        3         1
                dataBANK3                           190      190       10         1
                bssBANK3                            1A0      1A0        8         1

        CLASS   RAM            

        CLASS   ABS1           
                abs_s1                               7E       7E        2         1

        CLASS   SFR0           

        CLASS   SFR1           

        CLASS   SFR2           

        CLASS   SFR3           

        CLASS   CONFIG         
                config                             2007     2007        1         4

        CLASS   IDLOC          
                idloc                              2000     2000        4         5

        CLASS   EEDATA         

        CLASS   STACK          



SEGMENTS        Name                           Load    Length   Top    Selector   Space  Class     Delta

                reset_vec                      000000  000003  000003         0       0  CODE        2
                intentry                       000004  0007FA  0007FE         8       0  CODE        2
                cstackBANK0                    000020  00004F  00006F        20       1  BANK0       1
                cstackCOMMON                   000070  00000C  00007C        70       1  COMMON      1
                bssBANK1                       0000A0  00004E  0000EE        A0       1  BANK1       1
                dataBANK3                      000190  00001B  0001AB       190       1  BANK3       1
                clrtext                        000D4A  000008  000D52      1A94       0  CODE        2
                text7                          000D52  000009  000D5B      1AA4       0  CODE        2
                text4                          000D5B  000009  000D64      1AB6       0  CODE        2
                text17                         000D64  00000C  000D70      1AC8       0  CODE        2
                idataBANK1                     000D70  00000C  000D7C      1AE0       0  CODE        2
                idataBANK3                     000D7C  000010  000D8C      1AF8       0  CODE        2
                inittext                       000D8C  000013  000D9F      1B18       0  CODE        2
                text2                          000D9F  00001A  000DB9      1B3E       0  CODE        2
                text13                         000DB9  000029  000DE2      1B72       0  CODE        2
                text8                          000DE2  000037  000E19      1BC4       0  CODE        2
                text5                          000E19  000037  000E50      1C32       0  CODE        2
                text15                         000E50  00003D  000E8D      1CA0       0  CODE        2
                text3                          000E8D  00003D  000ECA      1D1A       0  CODE        2
                text1                          000ECA  000043  000F0D      1D94       0  CODE        2
                text11                         000F0D  000078  000F85      1E1A       0  CODE        2
                maintext                       000F85  00007B  001000      1F0A       0  CODE        2


UNUSED ADDRESS RANGES

        Name                Unused          Largest block    Delta
        BANK0            006F-006F              1           1
        BANK1            00EE-00EF              2           1
        BANK2            0110-016F             60           1
        BANK3            01AB-01EF             45           1
        CODE             0003-0003              1           2
                         07FE-0D49              2
                         1000-1FFF            800
        COMMON           007C-007D              2           1
        CONST            0003-0003              1           2
                         07FE-0D49            100
                         1000-1FFF            100
        EEDATA           2100-21FF            100           2
        ENTRY            0003-0003              1           2
                         07FE-0D49            100
                         1000-1FFF            100
        RAM              006F-006F              1           1
                         00EE-00EF              2
                         0110-016F             60
                         01AB-01EF             45
        SFR0             0000-001F             20           1
        SFR1             0080-009F             20           1
        SFR2             0100-010F             10           1
        SFR3             0180-018F             10           1
        STRCODE          0003-0003              1           2
                         07FE-0D49            54C
                         1000-1FFF           1000
        STRING           0003-0003              1           2
                         07FE-0D49            100
                         1000-1FFF            100

                                  Symbol Table

?_PWM_Max_Duty           cstackBANK0  0027
?__Umul8_16              cstackCOMMON 0072
?___aldiv                cstackCOMMON 0072
?___fldiv                cstackBANK0  003B
?___flmul                cstackBANK0  0055
?___fltol                cstackBANK1  00D0
?___xxtofl               cstackBANK0  002D
PWM1_Duty@duty           cstackBANK1  00DA
PWM1_Init@freq           cstackBANK0  0027
PWM2_Duty@duty           cstackBANK1  00DA
PWM2_Init@freq           cstackBANK0  0027
_ADCON1                  (abs)        009F
_CCP1M2                  (abs)        00BA
_CCP1M3                  (abs)        00BB
_CCP1X                   (abs)        00BD
_CCP1Y                   (abs)        00BC
_CCP2M2                  (abs)        00EA
_CCP2M3                  (abs)        00EB
_CCP2X                   (abs)        00ED
_CCP2Y                   (abs)        00EC
_CCPR1L                  (abs)        0015
_CCPR2L                  (abs)        001B
_INTCONbits              (abs)        000B
_OPTION_REGbits          (abs)        0081
_PORTA                   (abs)        0005
_PORTAbits               (abs)        0005
_PORTB                   (abs)        0006
_PORTBbits               (abs)        0006
_PORTC                   (abs)        0007
_PORTCbits               (abs)        0007
_PORTD                   (abs)        0008
_PORTDbits               (abs)        0008
_PORTE                   (abs)        0009
_PR2                     (abs)        0092
_PWM1_Duty               text9        06BB
_PWM1_Init               text8        0DE2
_PWM1_Start              text7        0D52
_PWM2_Duty               text6        0615
_PWM2_Init               text5        0E19
_PWM2_Start              text4        0D5B
_PWM_Max_Duty            text15       0E50
_PWM_ST                  text3        0E8D
_TMR2ON                  (abs)        0092
_TRISA                   (abs)        0085
_TRISB                   (abs)        0086
_TRISC                   (abs)        0087
_TRISC1                  (abs)        0439
_TRISC2                  (abs)        043A
_TRISD                   (abs)        0088
_TRISE                   (abs)        0089
__Habs1                  abs1         0000
__Hbank0                 bank0        0000
__Hbank1                 bank1        0000
__Hbank2                 bank2        0000
__Hbank3                 bank3        0000
__HbssBANK1              bssBANK1     0000
__HbssBANK3              bssBANK3     0000
__HbssCOMMON             bssCOMMON    0000
__Hcinit                 cinit        0043
__Hclrtext               clrtext      0000
__Hcode                  code         0000
__Hcommon                common       0000
__Hconfig                config       2008
__HcstackBANK0           cstackBANK0  0000
__HcstackBANK1           cstackBANK1  0000
__HcstackBANK3           cstackBANK3  0000
__HcstackCOMMON          cstackCOMMON 0000
__HdataBANK1             dataBANK1    0000
__HdataBANK3             dataBANK3    0000
__Heeprom_data           eeprom_data  0000
__Hend_init              end_init     000F
__Hfunctab               functab      0000
__HidataBANK1            idataBANK1   0000
__HidataBANK3            idataBANK3   0000
__Hidloc                 idloc        2004
__Hinit                  init         000C
__Hinittext              inittext     0000
__Hintentry              intentry     000C
__Hmaintext              maintext     0000
__Hpowerup               powerup      0000
__Hram                   ram          0000
__Hreset_vec             reset_vec    0003
__Hsfr0                  sfr0         0000
__Hsfr1                  sfr1         0000
__Hsfr2                  sfr2         0000
__Hsfr3                  sfr3         0000
__Hspace_0               (abs)        1000
__Hspace_1               (abs)        01AB
__Hspace_2               (abs)        0000
__Hspace_3               (abs)        0000
__Hspace_4               (abs)        400F
__Hstack                 stack        0000
__Hstrings               strings      0000
__Htext                  text         0000
__Labs1                  abs1         0000
__Lbank0                 bank0        0000
__Lbank1                 bank1        0000
__Lbank2                 bank2        0000
__Lbank3                 bank3        0000
__LbssBANK1              bssBANK1     0000
__LbssBANK3              bssBANK3     0000
__LbssCOMMON             bssCOMMON    0000
__Lcinit                 cinit        000F
__Lclrtext               clrtext      0000
__Lcode                  code         0000
__Lcommon                common       0000
__Lconfig                config       0000
__LcstackBANK0           cstackBANK0  0000
__LcstackBANK1           cstackBANK1  0000
__LcstackBANK3           cstackBANK3  0000
__LcstackCOMMON          cstackCOMMON 0000
__LdataBANK1             dataBANK1    0000
__LdataBANK3             dataBANK3    0000
__Leeprom_data           eeprom_data  0000
__Lend_init              end_init     000C
__Lfunctab               functab      0000
__LidataBANK1            idataBANK1   0000
__LidataBANK3            idataBANK3   0000
__Lidloc                 idloc        0000
__Linit                  init         000C
__Linittext              inittext     0000
__Lintentry              intentry     0004
__Lmaintext              maintext     0000
__Lpowerup               powerup      0000
__Lram                   ram          0000
__Lreset_vec             reset_vec    0000
__Lsfr0                  sfr0         0000
__Lsfr1                  sfr1         0000
__Lsfr2                  sfr2         0000
__Lsfr3                  sfr3         0000
__Lspace_0               (abs)        0000
__Lspace_1               (abs)        0000
__Lspace_2               (abs)        0000
__Lspace_3               (abs)        0000
__Lspace_4               (abs)        0000
__Lstack                 stack        0000
__Lstrings               strings      0000
__Ltext                  text         0000
__S0                     (abs)        1000
__S1                     (abs)        01AB
__S3                     (abs)        0000
__Umul8_16               text13       0DB9
__Umul8_16@multiplicand  cstackCOMMON 0072
__Umul8_16@multiplier    cstackBANK0  0024
__Umul8_16@product       cstackBANK0  0020
__Umul8_16@word_mpld     cstackBANK0  0022
___aldiv                 text16       0761
___aldiv@counter         cstackBANK0  0021
___aldiv@dividend        cstackCOMMON 0076
___aldiv@divisor         cstackCOMMON 0072
___aldiv@quotient        cstackBANK0  0023
___aldiv@sign            cstackBANK0  0022
___fldiv                 text14       0388
___fldiv@a               cstackBANK0  003B
___fldiv@aexp            cstackBANK0  0054
___fldiv@b               cstackBANK0  003F
___fldiv@bexp            cstackBANK0  0053
___fldiv@grs             cstackBANK0  004F
___fldiv@new_exp         cstackBANK0  004D
___fldiv@rem             cstackBANK0  0048
___fldiv@sign            cstackBANK0  004C
___flmul                 text12       0043
___flmul@a               cstackBANK0  0059
___flmul@aexp            cstackBANK0  0063
___flmul@b               cstackBANK0  0055
___flmul@bexp            cstackBANK0  0068
___flmul@grs             cstackBANK0  0064
___flmul@prod            cstackBANK0  0069
___flmul@sign            cstackBANK0  0062
___flmul@temp            cstackBANK0  006D
___fltol                 text11       0F0D
___fltol@exp1            cstackBANK1  00D9
___fltol@f1              cstackBANK1  00D0
___fltol@sign1           cstackBANK1  00D8
___int_sp                stack        0000
___latbits               (abs)        0002
___sp                    stack        0000
___stackhi               (abs)        0000
___stacklo               (abs)        0000
___xxtofl                text10       055B
___xxtofl@arg            cstackBANK0  0037
___xxtofl@exp            cstackBANK0  0036
___xxtofl@sign           cstackBANK0  0035
___xxtofl@val            cstackBANK0  002D
__end_of_PWM1_Duty       text9        0761
__end_of_PWM1_Init       text8        0E19
__end_of_PWM1_Start      text7        0D5B
__end_of_PWM2_Duty       text6        06BB
__end_of_PWM2_Init       text5        0E50
__end_of_PWM2_Start      text4        0D64
__end_of_PWM_Max_Duty    text15       0E8D
__end_of_PWM_ST          text3        0ECA
__end_of__Umul8_16       text13       0DE2
__end_of___aldiv         text16       07FE
__end_of___fldiv         text14       055B
__end_of___flmul         text12       0388
__end_of___fltol         text11       0F85
__end_of___xxtofl        text10       0615
__end_of__initialization cinit        003F
__end_of_external        text17       0D70
__end_of_inicia          text2        0DB9
__end_of_main            maintext     1000
__end_of_motores         text1        0F0D
__initialization         cinit        000F
__pbssBANK1              bssBANK1     00A0
__pbssBANK3              bssBANK3     01A0
__pbssCOMMON             bssCOMMON    007A
__pcstackBANK0           cstackBANK0  0020
__pcstackBANK1           cstackBANK1  00D0
__pcstackBANK3           cstackBANK3  01A8
__pcstackCOMMON          cstackCOMMON 0070
__pdataBANK1             dataBANK1    00E2
__pdataBANK3             dataBANK3    0190
__pidataBANK1            idataBANK1   0D70
__pidataBANK3            idataBANK3   0D7C
__pintentry              intentry     0004
__pmaintext              maintext     0F85
__ptext1                 text1        0ECA
__ptext10                text10       055B
__ptext11                text11       0F0D
__ptext12                text12       0043
__ptext13                text13       0DB9
__ptext14                text14       0388
__ptext15                text15       0E50
__ptext16                text16       0761
__ptext17                text17       0D64
__ptext2                 text2        0D9F
__ptext3                 text3        0E8D
__ptext4                 text4        0D5B
__ptext5                 text5        0E19
__ptext6                 text6        0615
__ptext7                 text7        0D52
__ptext8                 text8        0DE2
__ptext9                 text9        06BB
_derivativo              bssBANK1     00B0
_error1                  bssBANK1     00C0
_error2                  bssBANK1     00BE
_error3                  bssBANK1     00BC
_error4                  bssBANK1     00BA
_error5                  bssBANK1     00B8
_error6                  bssBANK1     00B6
_external                text17       0D64
_freq                    dataBANK1    00EA
_inicia                  text2        0D9F
_integral                bssBANK1     00B2
_last_prop               bssBANK1     00AC
_m                       bssBANK1     00B4
_main                    maintext     0F85
_motores                 text1        0ECA
_pos                     bssBANK1     00A4
_poslast                 bssBANK1     00A0
_proporcional            bssCOMMON    007A
_sensoresP               bssBANK1     00C6
_suma                    bssBANK3     01A4
_sumap                   bssBANK1     00A8
btemp                    (abs)        007E
clear_ram0               clrtext      0D4A
end_of_initialization    cinit        003F
init_fetch0              inittext     0D8C
init_ram0                inittext     0D90
interrupt_function       intentry     0004
intlevel0                functab      0000
intlevel1                functab      0000
intlevel2                functab      0000
intlevel3                functab      0000
intlevel4                functab      0000
intlevel5                functab      0000
motores@VD               cstackBANK1  00E0
motores@VI               cstackBANK1  00DE
reset_vec                reset_vec    0000
saved_w                  (abs)        007E
start                    init         000C
start_initialization     cinit        000F
wtemp0                   (abs)        007E


MODULE INFORMATION

Module		Function		Class		Link	Load	Size
C:\Program Files\Microchip\xc8\v2.40\pic\sources\c90\common\fltol.c
		___fltol       		CODE           	0F0D	0000	120

C:\Program Files\Microchip\xc8\v2.40\pic\sources\c90\common\fltol.c estimated size: 120

C:\Program Files\Microchip\xc8\v2.40\pic\sources\c90\common\aldiv.c
		___aldiv       		CODE           	0761	0000	157

C:\Program Files\Microchip\xc8\v2.40\pic\sources\c90\common\aldiv.c estimated size: 157

C:\Program Files\Microchip\xc8\v2.40\pic\sources\c90\common\sprcmul.c
		___flmul       		CODE           	0043	0000	837

C:\Program Files\Microchip\xc8\v2.40\pic\sources\c90\common\sprcmul.c estimated size: 837

C:\Program Files\Microchip\xc8\v2.40\pic\sources\c90\common\sprcdiv.c
		___fldiv       		CODE           	0388	0000	467

C:\Program Files\Microchip\xc8\v2.40\pic\sources\c90\common\sprcdiv.c estimated size: 467

C:\Program Files\Microchip\xc8\v2.40\pic\sources\c90\common\Umul8_16.c
		__Umul8_16     		CODE           	0DB9	0000	41

C:\Program Files\Microchip\xc8\v2.40\pic\sources\c90\common\Umul8_16.c estimated size: 41

WIPLOZ.c
		_inicia        		CODE           	0D9F	0000	26
		_main          		CODE           	0F85	0000	123
		_external      		CODE           	0D64	0000	12
		_motores       		CODE           	0ECA	0000	67

WIPLOZ.c estimated size: 228

PWM.c
		_PWM1_Start    		CODE           	0D52	0000	9
		_PWM2_Start    		CODE           	0D5B	0000	9
		_PWM_ST        		CODE           	0E8D	0000	61
		_PWM1_Init     		CODE           	0DE2	0000	55
		_PWM_Max_Duty  		CODE           	0E50	0000	61
		_PWM2_Init     		CODE           	0E19	0000	55
		_PWM1_Duty     		CODE           	06BB	0000	166
		_PWM2_Duty     		CODE           	0615	0000	166

PWM.c estimated size: 582

shared
		__initialization		CODE           	000F	0000	48

shared estimated size: 48

C:\Program Files\Microchip\xc8\v2.40\pic\sources\c90\common\xxtofl.c
		___xxtofl      		CODE           	055B	0000	186

C:\Program Files\Microchip\xc8\v2.40\pic\sources\c90\common\xxtofl.c estimated size: 186

