Microchip MPLAB XC8 Compiler V2.40

Linker command line:

-W-3 \
  --edf=C:\Program Files\Microchip\xc8\v2.40\pic\dat\20220703182018_en.msgs \
  -cn -h+dist/default/production\WIPLOZ.X.production.sym \
  --cmf=dist/default/production\WIPLOZ.X.production.cmf -z -Q16F877A \
  -oC:\Users\IVNIIG~1\AppData\Local\Temp\xcAsdb4.4 --defsym=__MPLAB_BUILD=1 \
  --fixupoverflow=error -Mdist/default/production/WIPLOZ.X.production.map \
  --md=C:\Users\IVNIIG~1\AppData\Local\Temp\xcAsdb4.dat -E1 \
  -ver=XC8 Compiler --acfsm=1493 -ACODE=00h-07FFhx4 -ASTRCODE=00h-01FFFh \
  -ASTRING=00h-0FFhx32 -ACONST=00h-0FFhx32 -AENTRY=00h-0FFhx32 \
  -ACOMMON=070h-07Fh -ABANK0=020h-06Fh -ABANK1=0A0h-0EFh \
  -ABANK2=0110h-016Fh -ABANK3=0190h-01EFh \
  -ARAM=020h-06Fh,0A0h-0EFh,0110h-016Fh,0190h-01EFh \
  -AABS1=020h-07Fh,0A0h-0EFh,0110h-016Fh,0190h-01EFh -ASFR0=00h-01Fh \
  -ASFR1=080h-09Fh -ASFR2=0100h-010Fh -ASFR3=0180h-018Fh \
  -ACONFIG=02007h-02007h -DCONFIG=2 -AIDLOC=02000h-02003h -DIDLOC=2 \
  -AEEDATA=00h-0FFh/02100h -peeprom_data=EEDATA -DEEDATA=2 -DCODE=2 \
  -DSTRCODE=2 -DSTRING=2 -DCONST=2 -DENTRY=2 \
  -preset_vec=00h,intentry=04h,init,end_init -ppowerup=CODE -pcinit=CODE \
  -pfunctab=ENTRY -k C:\Users\IVNIIG~1\AppData\Local\Temp\xcAsdb4.o \
  dist/default/production\WIPLOZ.X.production.o 

Object code version is 3.11

Machine type is 16F877A



                Name                               Link     Load   Length Selector   Space Scale
C:\Users\IVNIIG~1\AppData\Local\Temp\xcAsdb4.o
                end_init                              C        C        3        8       0
                reset_vec                             0        0        3        0       0
                config                             2007     2007        1        0       4
                idloc                              2000     2000        4        0       5
dist/default/production\WIPLOZ.X.production.o
                cinit                                 F        F       22        8       0
                intentry                              4        4        8        8       0
                config                             2007     2007        1        0       4
                idloc                              2000     2000        4        0       5
                text4                                5D       5D       1E        8       0
                text3                                31       31       2C        8       0
                text2                                E3       E3        7        8       0
                text1                                97       97       1B        8       0
                maintext                             B2       B2       16        8       0
                cstackCOMMON                         7A       7A        4       70       1
                clrtext                              DB       DB        8        8       0
                inittext                             C8       C8       13        8       0
                dataBANK0                            50       50       1C       20       1
                bssBANK0                             20       20       30       20       1
                bssCOMMON                            70       70        A       70       1
                idataBANK0                           7B       7B       1C        8       0

TOTAL           Name                               Link     Load   Length     Space
        CLASS   CODE           
                end_init                              C        C        3         0
                cinit                                 F        F       22         0
                intentry                              4        4        8         0
                reset_vec                             0        0        3         0
                text4                                5D       5D       1E         0
                text3                                31       31       2C         0
                text2                                E3       E3        7         0
                text1                                97       97       1B         0
                maintext                             B2       B2       16         0
                clrtext                              DB       DB        8         0
                inittext                             C8       C8       13         0
                idataBANK0                           7B       7B       1C         0

        CLASS   STRCODE        

        CLASS   STRING         

        CLASS   CONST          

        CLASS   ENTRY          

        CLASS   COMMON         
                cstackCOMMON                         7A       7A        4         1
                bssCOMMON                            70       70        A         1

        CLASS   BANK0          
                dataBANK0                            50       50       1C         1
                bssBANK0                             20       20       30         1

        CLASS   BANK1          

        CLASS   BANK2          

        CLASS   BANK3          

        CLASS   RAM            

        CLASS   ABS1           
                abs_s1                               7E       7E        2         1

        CLASS   SFR0           

        CLASS   SFR1           

        CLASS   SFR2           

        CLASS   SFR3           

        CLASS   CONFIG         
                config                             2007     2007        1         4

        CLASS   IDLOC          
                idloc                              2000     2000        4         5

        CLASS   EEDATA         

        CLASS   STACK          



SEGMENTS        Name                           Load    Length   Top    Selector   Space  Class     Delta

                reset_vec                      000000  000003  000003         0       0  CODE        2
                intentry                       000004  0000E6  0000EA         8       0  CODE        2
                bssBANK0                       000020  00004C  00006C        20       1  BANK0       1
                bssCOMMON                      000070  00000E  00007E        70       1  COMMON      1


UNUSED ADDRESS RANGES

        Name                Unused          Largest block    Delta
        BANK0            006C-006F              4           1
        BANK1            00A0-00EF             50           1
        BANK2            0110-016F             60           1
        BANK3            0190-01EF             60           1
        CODE             0003-0003              1           2
                         00EA-1FFF            800
        CONST            0003-0003              1           2
                         00EA-1FFF            100
        EEDATA           2100-21FF            100           2
        ENTRY            0003-0003              1           2
                         00EA-1FFF            100
        RAM              006C-006F              4           1
                         00A0-00EF             50
                         0110-016F             60
                         0190-01EF             60
        SFR0             0000-001F             20           1
        SFR1             0080-009F             20           1
        SFR2             0100-010F             10           1
        SFR3             0180-018F             10           1
        STRCODE          0003-0003              1           2
                         00EA-1FFF           1F16
        STRING           0003-0003              1           2
                         00EA-1FFF            100

                                  Symbol Table

_ADCON1                  (abs)        009F
_CCP1M2                  (abs)        00BA
_CCP1M3                  (abs)        00BB
_CCP1X                   (abs)        00BD
_CCP1Y                   (abs)        00BC
_CCP2M2                  (abs)        00EA
_CCP2M3                  (abs)        00EB
_CCP2X                   (abs)        00ED
_CCP2Y                   (abs)        00EC
_CCPR1L                  (abs)        0015
_CCPR2L                  (abs)        001B
_EST                     text3        0031
_INTCONbits              (abs)        000B
_OPTION_REGbits          (abs)        0081
_PORTA                   (abs)        0005
_PORTAbits               (abs)        0005
_PORTB                   (abs)        0006
_PORTBbits               (abs)        0006
_PORTC                   (abs)        0007
_PORTCbits               (abs)        0007
_PORTD                   (abs)        0008
_PORTDbits               (abs)        0008
_PORTE                   (abs)        0009
_PORTEbits               (abs)        0009
_PR2                     (abs)        0092
_TMR2ON                  (abs)        0092
_TRISA                   (abs)        0085
_TRISB                   (abs)        0086
_TRISC                   (abs)        0087
_TRISC1                  (abs)        0439
_TRISC2                  (abs)        043A
_TRISD                   (abs)        0088
_TRISE                   (abs)        0089
_Trigger                 text2        00E3
__Habs1                  abs1         0000
__Hbank0                 bank0        0000
__Hbank1                 bank1        0000
__Hbank2                 bank2        0000
__Hbank3                 bank3        0000
__HbssBANK0              bssBANK0     0000
__HbssCOMMON             bssCOMMON    0000
__Hcinit                 cinit        0031
__Hclrtext               clrtext      0000
__Hcode                  code         0000
__Hcommon                common       0000
__Hconfig                config       2008
__HcstackBANK0           cstackBANK0  0000
__HcstackCOMMON          cstackCOMMON 0000
__HdataBANK0             dataBANK0    0000
__Heeprom_data           eeprom_data  0000
__Hend_init              end_init     000F
__Hfunctab               functab      0000
__HidataBANK0            idataBANK0   0000
__Hidloc                 idloc        2004
__Hinit                  init         000C
__Hinittext              inittext     0000
__Hintentry              intentry     000C
__Hmaintext              maintext     0000
__Hpowerup               powerup      0000
__Hram                   ram          0000
__Hreset_vec             reset_vec    0003
__Hsfr0                  sfr0         0000
__Hsfr1                  sfr1         0000
__Hsfr2                  sfr2         0000
__Hsfr3                  sfr3         0000
__Hspace_0               (abs)        00EA
__Hspace_1               (abs)        007E
__Hspace_2               (abs)        0000
__Hspace_3               (abs)        0000
__Hspace_4               (abs)        400F
__Hstack                 stack        0000
__Hstrings               strings      0000
__Htext                  text         0000
__Labs1                  abs1         0000
__Lbank0                 bank0        0000
__Lbank1                 bank1        0000
__Lbank2                 bank2        0000
__Lbank3                 bank3        0000
__LbssBANK0              bssBANK0     0000
__LbssCOMMON             bssCOMMON    0000
__Lcinit                 cinit        000F
__Lclrtext               clrtext      0000
__Lcode                  code         0000
__Lcommon                common       0000
__Lconfig                config       0000
__LcstackBANK0           cstackBANK0  0000
__LcstackCOMMON          cstackCOMMON 0000
__LdataBANK0             dataBANK0    0000
__Leeprom_data           eeprom_data  0000
__Lend_init              end_init     000C
__Lfunctab               functab      0000
__LidataBANK0            idataBANK0   0000
__Lidloc                 idloc        0000
__Linit                  init         000C
__Linittext              inittext     0000
__Lintentry              intentry     0004
__Lmaintext              maintext     0000
__Lpowerup               powerup      0000
__Lram                   ram          0000
__Lreset_vec             reset_vec    0000
__Lsfr0                  sfr0         0000
__Lsfr1                  sfr1         0000
__Lsfr2                  sfr2         0000
__Lsfr3                  sfr3         0000
__Lspace_0               (abs)        0000
__Lspace_1               (abs)        0000
__Lspace_2               (abs)        0000
__Lspace_3               (abs)        0000
__Lspace_4               (abs)        0000
__Lstack                 stack        0000
__Lstrings               strings      0000
__Ltext                  text         0000
__S0                     (abs)        00EA
__S1                     (abs)        007E
__S3                     (abs)        0000
___int_sp                stack        0000
___latbits               (abs)        0002
___sp                    stack        0000
___stackhi               (abs)        0000
___stacklo               (abs)        0000
__end_of_EST             text3        005D
__end_of_Trigger         text2        00EA
__end_of__initialization cinit        002D
__end_of_external        text4        007B
__end_of_inicia          text1        00B2
__end_of_main            maintext     00C8
__initialization         cinit        000F
__pbssBANK0              bssBANK0     0020
__pbssCOMMON             bssCOMMON    0070
__pcstackBANK0           cstackBANK0  0000
__pcstackCOMMON          cstackCOMMON 007A
__pdataBANK0             dataBANK0    0050
__pidataBANK0            idataBANK0   007B
__pintentry              intentry     0004
__pmaintext              maintext     00B2
__ptext1                 text1        0097
__ptext2                 text2        00E3
__ptext3                 text3        0031
__ptext4                 text4        005D
_derivativo              bssBANK0     0034
_error1                  bssCOMMON    0078
_error2                  bssCOMMON    0076
_error3                  bssBANK0     0040
_error4                  bssBANK0     003E
_error5                  bssBANK0     003C
_error6                  bssBANK0     003A
_external                text4        005D
_freq                    dataBANK0    0068
_inicia                  text1        0097
_integral                bssBANK0     0036
_last_prop               bssBANK0     0030
_m                       bssBANK0     0038
_main                    maintext     00B2
_pos                     bssCOMMON    0070
_poslast                 bssBANK0     0024
_proporcional            bssCOMMON    0074
_sensoresP               bssBANK0     0046
_suma                    bssBANK0     0028
_sumap                   bssBANK0     002C
btemp                    (abs)        007E
clear_ram0               clrtext      00DB
end_of_initialization    cinit        002D
init_fetch0              inittext     00C8
init_ram0                inittext     00CC
interrupt_function       intentry     0004
intlevel0                functab      0000
intlevel1                functab      0000
intlevel2                functab      0000
intlevel3                functab      0000
intlevel4                functab      0000
intlevel5                functab      0000
reset_vec                reset_vec    0000
saved_w                  (abs)        007E
start                    init         000C
start_initialization     cinit        000F
wtemp0                   (abs)        007E


MODULE INFORMATION

Module		Function		Class		Link	Load	Size
WIPLOZ.c
		_inicia        		CODE           	0097	0000	27
		_EST           		CODE           	0031	0000	44
		_main          		CODE           	00B2	0000	22
		_external      		CODE           	005D	0000	30
		_Trigger       		CODE           	00E3	0000	7

WIPLOZ.c estimated size: 130

shared
		__initialization		CODE           	000F	0000	30

shared estimated size: 30

