Microchip MPLAB XC8 Compiler V2.40

Linker command line:

-W-3 \
  --edf=C:\Program Files\Microchip\xc8\v2.40\pic\dat\20220703182018_en.msgs \
  -cn -h+dist/default/production\WIPLOZ.X.production.sym \
  --cmf=dist/default/production\WIPLOZ.X.production.cmf -z -Q16F877A \
  -oC:\Users\josel\AppData\Local\Temp\xcAsni8.4 --defsym=__MPLAB_BUILD=1 \
  --fixupoverflow=error -Mdist/default/production/WIPLOZ.X.production.map \
  --md=C:\Users\josel\AppData\Local\Temp\xcAsni8.dat -E1 -ver=XC8 Compiler \
  --acfsm=1493 -ACODE=00h-07FFhx4 -ASTRCODE=00h-01FFFh -ASTRING=00h-0FFhx32 \
  -ACONST=00h-0FFhx32 -AENTRY=00h-0FFhx32 -ACOMMON=070h-07Fh \
  -ABANK0=020h-06Fh -ABANK1=0A0h-0EFh -ABANK2=0110h-016Fh \
  -ABANK3=0190h-01EFh -ARAM=020h-06Fh,0A0h-0EFh,0110h-016Fh,0190h-01EFh \
  -AABS1=020h-07Fh,0A0h-0EFh,0110h-016Fh,0190h-01EFh -ASFR0=00h-01Fh \
  -ASFR1=080h-09Fh -ASFR2=0100h-010Fh -ASFR3=0180h-018Fh \
  -ACONFIG=02007h-02007h -DCONFIG=2 -AIDLOC=02000h-02003h -DIDLOC=2 \
  -AEEDATA=00h-0FFh/02100h -peeprom_data=EEDATA -DEEDATA=2 -DCODE=2 \
  -DSTRCODE=2 -DSTRING=2 -DCONST=2 -DENTRY=2 \
  -preset_vec=00h,intentry,init,end_init -ppowerup=CODE -pcinit=CODE \
  -pfunctab=ENTRY -k C:\Users\josel\AppData\Local\Temp\xcAsni8.o \
  dist/default/production\WIPLOZ.X.production.o 

Object code version is 3.11

Machine type is 16F877A



                Name                               Link     Load   Length Selector   Space Scale
C:\Users\josel\AppData\Local\Temp\xcAsni8.o
                end_init                              0        0        3        0       0
                config                             2007     2007        1        0       4
                idloc                              2000     2000        4        0       5
dist/default/production\WIPLOZ.X.production.o
                cinit                               7EA      7EA       16      FD4       0
                config                             2007     2007        1        0       4
                idloc                              2000     2000        4        0       5
                text15                               3F       3F       9D       7E       0
                text14                              EC9      EC9       2F     1D92       0
                text13                              2D2      2D2      1D3      5A4       0
                text12                              EA2      EA2       27     1D44       0
                text11                              4A5      4A5      345      94A       0
                text10                              F6C      F6C       94     1ED8       0
                text9                               218      218       BA      430       0
                text8                                DC       DC       9E      1B8       0
                text7                               EF8      EF8       37     1DF0       0
                text6                               E4E      E4E        9     1C9C       0
                text5                               17A      17A       9E      2F4       0
                text4                                 8        8       37       10       0
                text3                               E57      E57        9     1CAE       0
                text2                               F2F      F2F       3D     1E5E       0
                text1                               E73      E73       16     1CE6       0
                maintext                            E89      E89       19     1D12       0
                cstackBANK0                          20       20       50       20       1
                cstackCOMMON                         70       70        D       70       1
                cstackBANK1                          A8       A8        8       A0       1
                inittext                            E60      E60       13     1CC0       0
                dataBANK1                            A0       A0        8       A0       1
                bssBANK1                             B0       B0        2       A0       1
                idataBANK1                          E46      E46        8     1C8C       0

TOTAL           Name                               Link     Load   Length     Space
        CLASS   CODE           
                end_init                              0        0        3         0
                cinit                               7EA      7EA       16         0
                text15                               3F       3F       9D         0
                text14                              EC9      EC9       2F         0
                text13                              2D2      2D2      1D3         0
                text12                              EA2      EA2       27         0
                text11                              4A5      4A5      345         0
                text10                              F6C      F6C       94         0
                text9                               218      218       BA         0
                text8                                DC       DC       9E         0
                text7                               EF8      EF8       37         0
                text6                               E4E      E4E        9         0
                text5                               17A      17A       9E         0
                text4                                 8        8       37         0
                text3                               E57      E57        9         0
                text2                               F2F      F2F       3D         0
                text1                               E73      E73       16         0
                maintext                            E89      E89       19         0
                inittext                            E60      E60       13         0
                idataBANK1                          E46      E46        8         0

        CLASS   STRCODE        

        CLASS   STRING         

        CLASS   CONST          

        CLASS   ENTRY          

        CLASS   COMMON         
                cstackCOMMON                         70       70        D         1

        CLASS   BANK0          
                cstackBANK0                          20       20       50         1

        CLASS   BANK1          
                cstackBANK1                          A8       A8        8         1
                dataBANK1                            A0       A0        8         1
                bssBANK1                             B0       B0        2         1

        CLASS   BANK2          

        CLASS   BANK3          

        CLASS   RAM            

        CLASS   ABS1           
                abs_s1                               7E       7E        2         1

        CLASS   SFR0           

        CLASS   SFR1           

        CLASS   SFR2           

        CLASS   SFR3           

        CLASS   CONFIG         
                config                             2007     2007        1         4

        CLASS   IDLOC          
                idloc                              2000     2000        4         5

        CLASS   EEDATA         

        CLASS   STACK          



SEGMENTS        Name                           Load    Length   Top    Selector   Space  Class     Delta

                reset_vec                      000000  000003  000003         0       0  CODE        2
                text4                          000008  000037  00003F        10       0  CODE        2
                cstackBANK0                    000020  000050  000070        20       1  BANK0       1
                cstackCOMMON                   000070  00000D  00007D        70       1  COMMON      1
                text15                         00003F  00009D  0000DC        7E       0  CODE        2
                dataBANK1                      0000A0  000012  0000B2        A0       1  BANK1       1
                text8                          0000DC  00009E  00017A       1B8       0  CODE        2
                text5                          00017A  00009E  000218       2F4       0  CODE        2
                text9                          000218  0000BA  0002D2       430       0  CODE        2
                text13                         0002D2  0001D3  0004A5       5A4       0  CODE        2
                text11                         0004A5  000345  0007EA       94A       0  CODE        2
                cinit                          0007EA  000016  000800       FD4       0  CODE        2
                idataBANK1                     000E46  000008  000E4E      1C8C       0  CODE        2
                text6                          000E4E  000009  000E57      1C9C       0  CODE        2
                text3                          000E57  000009  000E60      1CAE       0  CODE        2
                inittext                       000E60  000013  000E73      1CC0       0  CODE        2
                text1                          000E73  000016  000E89      1CE6       0  CODE        2
                maintext                       000E89  000019  000EA2      1D12       0  CODE        2
                text12                         000EA2  000027  000EC9      1D44       0  CODE        2
                text14                         000EC9  00002F  000EF8      1D92       0  CODE        2
                text7                          000EF8  000037  000F2F      1DF0       0  CODE        2
                text2                          000F2F  00003D  000F6C      1E5E       0  CODE        2
                text10                         000F6C  000094  001000      1ED8       0  CODE        2


UNUSED ADDRESS RANGES

        Name                Unused          Largest block    Delta
        BANK1            00B2-00EF             3E           1
        BANK2            0110-016F             60           1
        BANK3            0190-01EF             60           1
        CODE             0003-0007              5           2
                         0800-0E45            646
                         1000-1FFF            800
        COMMON           007D-007D              1           1
        CONST            0003-0007              5           2
                         0800-0E45            100
                         1000-1FFF            100
        EEDATA           2100-21FF            100           2
        ENTRY            0003-0007              5           2
                         0800-0E45            100
                         1000-1FFF            100
        RAM              00B2-00EF             3E           1
                         0110-016F             60
                         0190-01EF             60
        SFR0             0000-001F             20           1
        SFR1             0080-009F             20           1
        SFR2             0100-010F             10           1
        SFR3             0180-018F             10           1
        STRCODE          0003-0007              5           2
                         0800-0E45            646
                         1000-1FFF           1000
        STRING           0003-0007              5           2
                         0800-0E45            100
                         1000-1FFF            100

                                  Symbol Table

?_PWM_Max_Duty           cstackBANK0  0026
?__Umul8_16              cstackCOMMON 0070
?___aldiv                cstackCOMMON 0070
?___fldiv                cstackBANK0  0036
?___flmul                cstackBANK0  0050
?___fltol                cstackBANK0  006A
?___xxtofl               cstackBANK0  0028
PWM1_Duty@duty           cstackBANK1  00AC
PWM1_Init@freq           cstackBANK0  0026
PWM2_Duty@duty           cstackBANK1  00AC
PWM2_Init@freq           cstackBANK0  0026
_ADCON1                  (abs)        009F
_CCP1M2                  (abs)        00BA
_CCP1M3                  (abs)        00BB
_CCP1X                   (abs)        00BD
_CCP1Y                   (abs)        00BC
_CCP2M2                  (abs)        00EA
_CCP2M3                  (abs)        00EB
_CCP2X                   (abs)        00ED
_CCP2Y                   (abs)        00EC
_CCPR1L                  (abs)        0015
_CCPR2L                  (abs)        001B
_INTCONbits              (abs)        000B
_OPTION_REGbits          (abs)        0081
_PORTA                   (abs)        0005
_PORTB                   (abs)        0006
_PORTC                   (abs)        0007
_PORTD                   (abs)        0008
_PORTE                   (abs)        0009
_PR2                     (abs)        0092
_PWM1_Duty               text8        00DC
_PWM1_Init               text7        0EF8
_PWM1_Start              text6        0E4E
_PWM2_Duty               text5        017A
_PWM2_Init               text4        0008
_PWM2_Start              text3        0E57
_PWM_Max_Duty            text14       0EC9
_PWM_ST                  text2        0F2F
_TMR2ON                  (abs)        0092
_TRISA                   (abs)        0085
_TRISB                   (abs)        0086
_TRISC                   (abs)        0087
_TRISC1                  (abs)        0439
_TRISC2                  (abs)        043A
_TRISD                   (abs)        0088
_TRISE                   (abs)        0089
__Habs1                  abs1         0000
__Hbank0                 bank0        0000
__Hbank1                 bank1        0000
__Hbank2                 bank2        0000
__Hbank3                 bank3        0000
__HbssBANK1              bssBANK1     0000
__Hcinit                 cinit        0800
__Hclrtext               clrtext      0000
__Hcode                  code         0000
__Hcommon                common       0000
__Hconfig                config       2008
__HcstackBANK0           cstackBANK0  0000
__HcstackBANK1           cstackBANK1  0000
__HcstackCOMMON          cstackCOMMON 0000
__HdataBANK1             dataBANK1    0000
__Heeprom_data           eeprom_data  0000
__Hend_init              end_init     0003
__Hfunctab               functab      0000
__HidataBANK1            idataBANK1   0000
__Hidloc                 idloc        2004
__Hinit                  init         0000
__Hinittext              inittext     0000
__Hintentry              intentry     0000
__Hmaintext              maintext     0000
__Hpowerup               powerup      0000
__Hram                   ram          0000
__Hreset_vec             reset_vec    0000
__Hsfr0                  sfr0         0000
__Hsfr1                  sfr1         0000
__Hsfr2                  sfr2         0000
__Hsfr3                  sfr3         0000
__Hspace_0               (abs)        1000
__Hspace_1               (abs)        00B2
__Hspace_2               (abs)        0000
__Hspace_3               (abs)        0000
__Hspace_4               (abs)        400F
__Hstack                 stack        0000
__Hstrings               strings      0000
__Htext                  text         0000
__Labs1                  abs1         0000
__Lbank0                 bank0        0000
__Lbank1                 bank1        0000
__Lbank2                 bank2        0000
__Lbank3                 bank3        0000
__LbssBANK1              bssBANK1     0000
__Lcinit                 cinit        07EA
__Lclrtext               clrtext      0000
__Lcode                  code         0000
__Lcommon                common       0000
__Lconfig                config       0000
__LcstackBANK0           cstackBANK0  0000
__LcstackBANK1           cstackBANK1  0000
__LcstackCOMMON          cstackCOMMON 0000
__LdataBANK1             dataBANK1    0000
__Leeprom_data           eeprom_data  0000
__Lend_init              end_init     0000
__Lfunctab               functab      0000
__LidataBANK1            idataBANK1   0000
__Lidloc                 idloc        0000
__Linit                  init         0000
__Linittext              inittext     0000
__Lintentry              intentry     0000
__Lmaintext              maintext     0000
__Lpowerup               powerup      0000
__Lram                   ram          0000
__Lreset_vec             reset_vec    0000
__Lsfr0                  sfr0         0000
__Lsfr1                  sfr1         0000
__Lsfr2                  sfr2         0000
__Lsfr3                  sfr3         0000
__Lspace_0               (abs)        0000
__Lspace_1               (abs)        0000
__Lspace_2               (abs)        0000
__Lspace_3               (abs)        0000
__Lspace_4               (abs)        0000
__Lstack                 stack        0000
__Lstrings               strings      0000
__Ltext                  text         0000
__S0                     (abs)        1000
__S1                     (abs)        00B2
__S3                     (abs)        0000
__Umul8_16               text12       0EA2
__Umul8_16@multiplicand  cstackCOMMON 0070
__Umul8_16@multiplier    cstackCOMMON 0078
__Umul8_16@product       cstackCOMMON 0074
__Umul8_16@word_mpld     cstackCOMMON 0076
___aldiv                 text15       003F
___aldiv@counter         cstackBANK0  0020
___aldiv@dividend        cstackCOMMON 0074
___aldiv@divisor         cstackCOMMON 0070
___aldiv@quotient        cstackBANK0  0022
___aldiv@sign            cstackBANK0  0021
___fldiv                 text13       02D2
___fldiv@a               cstackBANK0  0036
___fldiv@aexp            cstackBANK0  004F
___fldiv@b               cstackBANK0  003A
___fldiv@bexp            cstackBANK0  004E
___fldiv@grs             cstackBANK0  004A
___fldiv@new_exp         cstackBANK0  0048
___fldiv@rem             cstackBANK0  0043
___fldiv@sign            cstackBANK0  0047
___flmul                 text11       04A5
___flmul@a               cstackBANK0  0054
___flmul@aexp            cstackBANK0  0062
___flmul@b               cstackBANK0  0050
___flmul@bexp            cstackBANK0  0063
___flmul@grs             cstackBANK0  005E
___flmul@prod            cstackBANK0  0064
___flmul@sign            cstackBANK0  005D
___flmul@temp            cstackBANK0  0068
___fltol                 text10       0F6C
___fltol@exp1            cstackBANK0  006F
___fltol@f1              cstackBANK0  006A
___fltol@sign1           cstackBANK0  006E
___int_sp                stack        0000
___latbits               (abs)        0002
___sp                    stack        0000
___stackhi               (abs)        0000
___stacklo               (abs)        0000
___xxtofl                text9        0218
___xxtofl@arg            cstackBANK0  0032
___xxtofl@exp            cstackBANK0  0031
___xxtofl@sign           cstackBANK0  0030
___xxtofl@val            cstackBANK0  0028
__end_of_PWM1_Duty       text8        017A
__end_of_PWM1_Init       text7        0F2F
__end_of_PWM1_Start      text6        0E57
__end_of_PWM2_Duty       text5        0218
__end_of_PWM2_Init       text4        003F
__end_of_PWM2_Start      text3        0E60
__end_of_PWM_Max_Duty    text14       0EF8
__end_of_PWM_ST          text2        0F6C
__end_of__Umul8_16       text12       0EC9
__end_of___aldiv         text15       00DC
__end_of___fldiv         text13       04A5
__end_of___flmul         text11       07EA
__end_of___fltol         text10       1000
__end_of___xxtofl        text9        02D2
__end_of__initialization cinit        07FC
__end_of_inicia          text1        0E89
__end_of_main            maintext     0EA2
__initialization         cinit        07EA
__pbssBANK1              bssBANK1     00B0
__pcstackBANK0           cstackBANK0  0020
__pcstackBANK1           cstackBANK1  00A8
__pcstackCOMMON          cstackCOMMON 0070
__pdataBANK1             dataBANK1    00A0
__pidataBANK1            idataBANK1   0E46
__pmaintext              maintext     0E89
__ptext1                 text1        0E73
__ptext10                text10       0F6C
__ptext11                text11       04A5
__ptext12                text12       0EA2
__ptext13                text13       02D2
__ptext14                text14       0EC9
__ptext15                text15       003F
__ptext2                 text2        0F2F
__ptext3                 text3        0E57
__ptext4                 text4        0008
__ptext5                 text5        017A
__ptext6                 text6        0E4E
__ptext7                 text7        0EF8
__ptext8                 text8        00DC
__ptext9                 text9        0218
_freq                    dataBANK1    00A4
_inicia                  text1        0E73
_main                    maintext     0E89
btemp                    (abs)        007E
end_of_initialization    cinit        07FC
init_fetch0              inittext     0E60
init_ram0                inittext     0E64
intlevel0                functab      0000
intlevel1                functab      0000
intlevel2                functab      0000
intlevel3                functab      0000
intlevel4                functab      0000
intlevel5                functab      0000
reset_vec                reset_vec    0000
start                    init         0000
start_initialization     cinit        07EA
wtemp0                   (abs)        007E


MODULE INFORMATION

Module		Function		Class		Link	Load	Size
C:\Program Files\Microchip\xc8\v2.40\pic\sources\c90\common\fltol.c
		___fltol       		CODE           	0F6C	0000	148

C:\Program Files\Microchip\xc8\v2.40\pic\sources\c90\common\fltol.c estimated size: 148

C:\Program Files\Microchip\xc8\v2.40\pic\sources\c90\common\aldiv.c
		___aldiv       		CODE           	003F	0000	157

C:\Program Files\Microchip\xc8\v2.40\pic\sources\c90\common\aldiv.c estimated size: 157

C:\Program Files\Microchip\xc8\v2.40\pic\sources\c90\common\sprcmul.c
		___flmul       		CODE           	04A5	0000	837

C:\Program Files\Microchip\xc8\v2.40\pic\sources\c90\common\sprcmul.c estimated size: 837

C:\Program Files\Microchip\xc8\v2.40\pic\sources\c90\common\sprcdiv.c
		___fldiv       		CODE           	02D2	0000	467

C:\Program Files\Microchip\xc8\v2.40\pic\sources\c90\common\sprcdiv.c estimated size: 467

C:\Program Files\Microchip\xc8\v2.40\pic\sources\c90\common\Umul8_16.c
		__Umul8_16     		CODE           	0EA2	0000	39

C:\Program Files\Microchip\xc8\v2.40\pic\sources\c90\common\Umul8_16.c estimated size: 39

WIPLOZ.c
		_inicia        		CODE           	0E73	0000	22
		_main          		CODE           	0E89	0000	25

WIPLOZ.c estimated size: 47

PWM.c
		_PWM1_Start    		CODE           	0E4E	0000	9
		_PWM2_Start    		CODE           	0E57	0000	9
		_PWM_ST        		CODE           	0F2F	0000	61
		_PWM1_Init     		CODE           	0EF8	0000	55
		_PWM_Max_Duty  		CODE           	0EC9	0000	47
		_PWM2_Init     		CODE           	0008	0000	55
		_PWM1_Duty     		CODE           	00DC	0000	158
		_PWM2_Duty     		CODE           	017A	0000	158

PWM.c estimated size: 552

shared
		__initialization		CODE           	07EA	0000	18

shared estimated size: 18

C:\Program Files\Microchip\xc8\v2.40\pic\sources\c90\common\xxtofl.c
		___xxtofl      		CODE           	0218	0000	186

C:\Program Files\Microchip\xc8\v2.40\pic\sources\c90\common\xxtofl.c estimated size: 186

